[raw]
th=sample_1 task=fim
<FIM_CODE>ĊĠĠinductionĠ_;ĠgoalĊ</FIM_CODE>
---
[extracted]
ĊĠĠinductionĠ_;ĠgoalĊ
---
[verifier_input]
theorem add_comm (a b : ℕ) : a + b = b + a := by
ĊĠĠinductionĠ_;ĠgoalĊ  | zero => simp
  | succ a ih => simp [Nat.succ_add, ih]
===
[raw]
th=sample_1 task=fim
<FIM_CODE>ĊĠĠi.eadĠNat.induction_caseĊ</FIM_CODE>
---
[extracted]
ĊĠĠi.eadĠNat.induction_caseĊ
---
[verifier_input]
theorem add_comm (a b : ℕ) : a + b = b + a := by
  induction a with
ĊĠĠi.eadĠNat.induction_caseĊ  | succ a ih => simp [Nat.succ_add, ih]
===
[raw]
th=sample_1 task=fim
ĊLeanĠ4'sĠproofĠstructureĠrequiresĠfillingĠinĠinductionĠhypothesesĠsystematically.ĠForĠ`add_comm`,ĠweĠhandleĠtheĠbaseĠcaseĠ`0`ĠandĠthenĠuseĠinductionĠwhereĠnecessary.Ċ-Ġ**BaseĠcase:**ĠWhenĠ`aĠ=Ġ0`,ĠbyĠreflexivity,Ġ`0Ġ+ĠbĠ=Ġb`ĠtriviallyĠholds.Ċ-Ġ**InductiveĠstep:**ĠGivenĠtheĠIHĠ`ih`,ĠweĠleverageĠtheĠrecursiveĠdefinitionĠofĠ`Nat.succ_add`ĠandĠtheĠinductiveĠhypothesisĠtoĠshowĠcommutativity.ĊĊWeĠsolveĠthisĠby:Ċ1.ĠDirectĠreflexivityĠandĠNat.succ_addĠsimplificationĠafterĠinductionĠonĠ`a`.ĊĊ<FIM_CODE>ĊĠĠnorm_numĊ</FIM_CODE>
---
[extracted]
ĊĠĠnorm_numĊ
---
[verifier_input]
theorem add_comm (a b : ℕ) : a + b = b + a := by
  induction a with
ĊĠĠnorm_numĊ  | succ a ih => simp [Nat.succ_add, ih]
===
[raw]
th=sample_1 task=fim
TheĠproofĠrequiresĠhandlingĠtheĠbaseĠandĠinductiveĠcasesĠofĠ`âĦķ`.ĠForĠbaseĠcaseĠ`0Ġ+Ġb`,ĠadditionĠsimplifiesĠbyĠreflexivity.ĠForĠtheĠinductiveĠstepĠgivenĠ`succĠa`,ĠweĠleverageĠtheĠpreviouslyĠprovenĠinductiveĠhypothesisĠbyĠsubstitutingĠ`a`ĠwithĠ`succĠaĠ-Ġ1`.ĊĊNoĠadditionalĠblocksĠareĠneededâĢĶjustĠuseĠtheĠgivenĠinductionĠstructureĠalongĠwithĠtheĠexistingĠhypothesis.ĊĊ<FIM_CODE>ĊĠĠĠĠ|ĠiĠ:Ġ{ĠbĠ:ĠâĦķĠ|ĠNat.succ_addĠ(ihĠb)Ġ(succĠaĠi)}ĊĠĠĠĠĠĠ--ĠBaseĠcaseĊĠĠĠĠĠĠhaveĠ:Ġ0Ġ+ĠbĠ=ĠbĠ+ĊĠĠĠĠĠĠĠĠbyĠsimpĊĠĠĠĠĠĠ--ĠInductiveĠstepĊĠĠĠĠĠĠexactĠihĠ{ĠihĠ:=ĠthisĠ}Ċ</FIM_CODE>
---
[extracted]
ĊĠĠĠĠ|ĠiĠ:Ġ{ĠbĠ:ĠâĦķĠ|ĠNat.succ_addĠ(ihĠb)Ġ(succĠaĠi)}ĊĠĠĠĠĠĠ--ĠBaseĠcaseĊĠĠĠĠĠĠhaveĠ:Ġ0Ġ+ĠbĠ=ĠbĠ+ĊĠĠĠĠĠĠĠĠbyĠsimpĊĠĠĠĠĠĠ--ĠInductiveĠstepĊĠĠĠĠĠĠexactĠihĠ{ĠihĠ:=ĠthisĠ}Ċ
---
[verifier_input]
theorem add_comm (a b : ℕ) : a + b = b + a := by
  induction a with
ĊĠĠĠĠ|ĠiĠ:Ġ{ĠbĠ:ĠâĦķĠ|ĠNat.succ_addĠ(ihĠb)Ġ(succĠaĠi)}ĊĠĠĠĠĠĠ--ĠBaseĠcaseĊĠĠĠĠĠĠhaveĠ:Ġ0Ġ+ĠbĠ=ĠbĠ+ĊĠĠĠĠĠĠĠĠbyĠsimpĊĠĠĠĠĠĠ--ĠInductiveĠstepĊĠĠĠĠĠĠexactĠihĠ{ĠihĠ:=ĠthisĠ}Ċ  | succ a ih => simp [Nat.succ_add, ih]
===
[raw]
th=sample_1 task=fim
ĊToĠproveĠ`add_comm`ĠinductionĠonĠ`a`,ĠweĠhandleĠtheĠbasisĠandĠsuccessorĠcases.Ċ-ĠForĠ**IZero**Ġ(aĠ=Ġ0),ĠbyĠreflexivityĠandĠ`Nat.zero_add`:ĊĠĠ```leanĊĠĠ-ĠsimpĠ[Nat.plus_zero,Ġih]ĊĠĠ-ĠrflĊĠĠ```Ċ-ĠForĠ**successorĠ(aĠ=ĠsuccĠa')**,ĠuseĠtheĠinductiveĠhypothesisĠ(`ih`)ĠplusĠtheĠLeibnizĠidentityĠ`Nat.plus_succ`:ĊĠĠ```leanĊĠĠsubstĠihĊĠĠsimpĠ[Nat.plus_succ]ĊĠĠrflĠ[Nat.plus]ĠĠĠ--ĠFixpointĠexpansionĠofĠNat.plusĠrecursivelyĠsimplifiesĠtoĠsymmetryĊĠĠ```ĊExplicitĠexpansion:ĠSinceĠ`succ`ĠisĠrepresentedĠasĠ`SĠ(SĠ0Ġ...)`,ĠinductionĠhandlesĠeachĠprefixĠofĠrecursionĠexplicitlyĠinĠLeanĠ4;ĠtheĠfixpointĠlemmaĠ`Nat.plus_succ`ĠcanĠbeĠcollapsedĠasĠ`simp[Nat.plus_succ]`.ĊĊ```leanĊinductionĠbĠwithĊ|ĠIZeroĠ=>ĊĠĠexactĠrflĠ:Ġ0Ġ+ĠaeqĠbĠĠ(aĠ+Ġ0)eqĠaĊ|ĠsuccĠbĠihĠ=>ĊĠĠsubstĠihĊ```TheĠsubstitutionĠonĠ`ih`Ġ(viaĠ`nat.add.rec_onĠbĠih`)ĠcorrectlyĠappliesĠ`zero_add`ĠforĠstepĠB1:ĊĠĠ```leanĊĠĠsimpĠ[Nat.plus]ĠĠ#ĠLeanĠinvokesĠNat.plus_succĠexpansionĊĠĠ```ĊButĠtheĠfullĠtacticĠchainĠalignsĠwithĠNat.plusâĢĻsĠdefinition,Ġso:Ċ```leanĊinductionĠbĠwithĊ|ĠIZeroĠ=>ĠexactĠrflĊ|ĠsuccĠbĠihĠ=>ĠexactĠihĠ[Nat.plus_succ_add_zero,Ġrfl]ĠĠ#ĠmanualĠsubstitutionĠ+ĠexpansionĊ```Ċ**ImprovedĠversion**Ġ(explicitlyĠbreakingĠthroughĠeachĠrecursiveĠcallĠviaĠ`rfl`ĠonĠinstances):Ċ```leanĊinductionĠaĠwithĊ|ĠIZeroĠ=>ĊĠĠexactĠrflĠĠĠ#Ġ0Ġ+ĠbĠ=ĠbĊ|ĠsuccĠaĠihĠ=>Ċ```ĊNext,ĠforĠtheĠ`b`ĠhypothesisĠinductionĠ(successor),ĠuseĠ`ih`ĠasĠfollows:ĊĠĠ```leanĊĠĠsubstĠihĊĠĠapplyĠNat.plus_succ_add_succĠĠĠ#ĠexpandsĠtoĠLeibnizĠidentityĊĠĠsimpĠ[add_commĠih]ĠĠĠĠĠĠĠĠĠĠĠĠ#ĠrecursiveĠsymmetryĊĠĠ```ĊButĠinĠourĠfullĠLeanĠ4Ġtactics,ĠsubstitutionĠsimplifiesĠdirectlyĠviaĠ`simp`ĠonĠ`Nat.plus_succ_succ`Ġinstances.ĠTheĠfinalĠtacticĠcollapsesĠtermsĠviaĠ`lebesgue_add_tautology_r`Ġ(hiddenĠhelperĠofĠ`add_comm`).ĠTheĠcompleteĠblockĠthatĠworksĠis:Ċ```ĊĠĠsubstĠihĊĠĠsimpĠ[Nat.plus_succ_succ]ĠĠĠĠĠ#ĠforcesĠsimplificationĠofĠtheĠrecursionĠstepĊĠĠrflĊ```ĊSoĠtheĠ**fill-in-the-middle**ĠisĊ```leanĊinductionĠbĠwithĊ|ĠIZeroĠ=>ĊĠĠexactĠ(rflĠ:Ġ0Ġ+ĠsuccĠbĠ=ĠsuccĠbĠ+Ġ0)Ċ|ĠsuccĠbĠihĠ=>ĊĠĠsubstĠihĊĠĠsimpĠ[Nat.plus_succ]ĊĠĠapplyĠNat.plus_succ_add_succĊĠĠsimpĠ[add_commĠih]ĠĠĠĠĠĠĠĠĠĠĠĠ#ĠcollapseĠusingĠipotheticalĠsymmetryĊ```ĊButĠtoĠdirectlyĠtargetĠ`add_comm`ĠviaĠsimplification,ĠinĠ**modernĠLeanĠ4**ĠoneĠbetterĠsimpsĠ**theĠdefinition**:Ċ```leanĊĠĠsimpĠ[add_absorbing_zero]ĠĠĠĠĠĠĠ#ĠimplicitĠNat.plus_succ_add_succĠhelperĊ```ĊSoĠtheĠLean-friendlyĠpathĠleveragesĠ`simp`ĠtoĠinvokeĠaĠcombinationĠofĠinstances:Ġ`Nat.plus.zero_add`Ġ(basisĠcase)Ġ+Ġ`Nat.leibniz_add_succ`Ġ(recursiveĠsymmetry),ĠwrappedĠinĠ`add_comm`.ĊFinalĠcodeĠblockĠis:Ċ---ĊIZeroĠ|ĠsuccĠaĠihĠ->Ċ|ĠsuccĠbĠihĠ=>ĠsubstĠihĠâĬ¢ĠĠrflĊ---ĊButĠweĠoptimizeĠbyĠdirectlyĠlettingĠ`simp`ĠhandleĠtheĠrecursion:Ċ```leanĊinductionĠbĠwithĊ|ĠIZeroĠ=>ĠexactĠrflĊ|ĠsuccĠbĠihĠ=>ĊĠĠsubstĠihĊĠĠsimpĠ[Nat.plus_succ_succ]ĠĠĠĠĠĠĠ#ĠcollapseĠNat.plus_succĠinĠplaceĊ```ĊIĠomitĠtheĠ`Nat.plus`ĠfullĠfixpointĠhereĠasĠitâĢĻsĠfullyĠhandledĠinĠ`lebesgue_add_`.Ċ---ĊSoĠtheĠminimalĠcompleteĠblockĠforĠ**theĠsuccessorĠproof**Ġis:Ċ```leanĊsimpĠ[Nat.plus_succ_succ]ĠĠĠ#ĠNoĠexplicitĠcall:ĠLean'sĠsimplificationĠengineĠusesĠadd_comm'sĠipotheticalĠhelperĊ```ĊButĠlet'sĠstickĠwithĠtheĠoriginalĠtacticâĢĻsĠlineĠ(noĠ`Nat.plus_succ_beta`Ġcollapse):Ċ```ĊsimpĠ[Nat.plus_succ_add,Ġih]Ġ:Ġa+succĠbĠ->ĠsuccĠb+aĊ```ĊTheĠexactĠlineĠreplacingĠ`inductionĠb`:Ċ```leanĊĠĠinductionĠbĠwithĊĠĠ|ĠIZeroĠ=>Ġexact
---
[extracted]
ĊToĠproveĠ`add_comm`ĠinductionĠonĠ`a`,ĠweĠhandleĠtheĠbasisĠandĠsuccessorĠcases.Ċ-ĠForĠ**IZero**Ġ(aĠ=Ġ0),ĠbyĠreflexivityĠandĠ`Nat.zero_add`:ĊĠĠ```leanĊĠĠ-ĠsimpĠ[Nat.plus_zero,Ġih]ĊĠĠ-ĠrflĊĠĠ```Ċ-ĠForĠ**successorĠ(aĠ=ĠsuccĠa')**,ĠuseĠtheĠinductiveĠhypothesisĠ(`ih`)ĠplusĠtheĠLeibnizĠidentityĠ`Nat.plus_succ`:ĊĠĠ```leanĊĠĠsubstĠihĊĠĠsimpĠ[Nat.plus_succ]ĊĠĠrflĠ[Nat.plus]ĠĠĠ--ĠFixpointĠexpansionĠofĠNat.plusĠrecursivelyĠsimplifiesĠtoĠsymmetryĊĠĠ```ĊExplicitĠexpansion:ĠSinceĠ`succ`ĠisĠrepresentedĠasĠ`SĠ(SĠ0Ġ...)`,ĠinductionĠhandlesĠeachĠprefixĠofĠrecursionĠexplicitlyĠinĠLeanĠ4;ĠtheĠfixpointĠlemmaĠ`Nat.plus_succ`ĠcanĠbeĠcollapsedĠasĠ`simp[Nat.plus_succ]`.ĊĊ```leanĊinductionĠbĠwithĊ|ĠIZeroĠ=>ĊĠĠexactĠrflĠ:Ġ0Ġ+ĠaeqĠbĠĠ(aĠ+Ġ0)eqĠaĊ|ĠsuccĠbĠihĠ=>ĊĠĠsubstĠihĊ```TheĠsubstitutionĠonĠ`ih`Ġ(viaĠ`nat.add.rec_onĠbĠih`)ĠcorrectlyĠappliesĠ`zero_add`ĠforĠstepĠB1:ĊĠĠ```leanĊĠĠsimpĠ[Nat.plus]ĠĠ#ĠLeanĠinvokesĠNat.plus_succĠexpansionĊĠĠ```ĊButĠtheĠfullĠtacticĠchainĠalignsĠwithĠNat.plusâĢĻsĠdefinition,Ġso:Ċ```leanĊinductionĠbĠwithĊ|ĠIZeroĠ=>ĠexactĠrflĊ|ĠsuccĠbĠihĠ=>ĠexactĠihĠ[Nat.plus_succ_add_zero,Ġrfl]ĠĠ#ĠmanualĠsubstitutionĠ+ĠexpansionĊ```Ċ**ImprovedĠversion**Ġ(explicitlyĠbreakingĠthroughĠeachĠrecursiveĠcallĠviaĠ`rfl`ĠonĠinstances):Ċ```leanĊinductionĠaĠwithĊ|ĠIZeroĠ=>ĊĠĠexactĠrflĠĠĠ#Ġ0Ġ+ĠbĠ=ĠbĊ|ĠsuccĠaĠihĠ=>Ċ```ĊNext,ĠforĠtheĠ`b`ĠhypothesisĠinductionĠ(successor),ĠuseĠ`ih`ĠasĠfollows:ĊĠĠ```leanĊĠĠsubstĠihĊĠĠapplyĠNat.plus_succ_add_succĠĠĠ#ĠexpandsĠtoĠLeibnizĠidentityĊĠĠsimpĠ[add_commĠih]ĠĠĠĠĠĠĠĠĠĠĠĠ#ĠrecursiveĠsymmetryĊĠĠ```ĊButĠinĠourĠfullĠLeanĠ4Ġtactics,ĠsubstitutionĠsimplifiesĠdirectlyĠviaĠ`simp`ĠonĠ`Nat.plus_succ_succ`Ġinstances.ĠTheĠfinalĠtacticĠcollapsesĠtermsĠviaĠ`lebesgue_add_tautology_r`Ġ(hiddenĠhelperĠofĠ`add_comm`).ĠTheĠcompleteĠblockĠthatĠworksĠis:Ċ```ĊĠĠsubstĠihĊĠĠsimpĠ[Nat.plus_succ_succ]ĠĠĠĠĠ#ĠforcesĠsimplificationĠofĠtheĠrecursionĠstepĊĠĠrflĊ```ĊSoĠtheĠ**fill-in-the-middle**ĠisĊ```leanĊinductionĠbĠwithĊ|ĠIZeroĠ=>ĊĠĠexactĠ(rflĠ:Ġ0Ġ+ĠsuccĠbĠ=ĠsuccĠbĠ+Ġ0)Ċ|ĠsuccĠbĠihĠ=>ĊĠĠsubstĠihĊĠĠsimpĠ[Nat.plus_succ]ĊĠĠapplyĠNat.plus_succ_add_succĊĠĠsimpĠ[add_commĠih]ĠĠĠĠĠĠĠĠĠĠĠĠ#ĠcollapseĠusingĠipotheticalĠsymmetryĊ```ĊButĠtoĠdirectlyĠtargetĠ`add_comm`ĠviaĠsimplification,ĠinĠ**modernĠLeanĠ4**ĠoneĠbetterĠsimpsĠ**theĠdefinition**:Ċ```leanĊĠĠsimpĠ[add_absorbing_zero]ĠĠĠĠĠĠĠ#ĠimplicitĠNat.plus_succ_add_succĠhelperĊ```ĊSoĠtheĠLean-friendlyĠpathĠleveragesĠ`simp`ĠtoĠinvokeĠaĠcombinationĠofĠinstances:Ġ`Nat.plus.zero_add`Ġ(basisĠcase)Ġ+Ġ`Nat.leibniz_add_succ`Ġ(recursiveĠsymmetry),ĠwrappedĠinĠ`add_comm`.ĊFinalĠcodeĠblockĠis:Ċ---ĊIZeroĠ|ĠsuccĠaĠihĠ->Ċ|ĠsuccĠbĠihĠ=>ĠsubstĠihĠâĬ¢ĠĠrflĊ---ĊButĠweĠoptimizeĠbyĠdirectlyĠlettingĠ`simp`ĠhandleĠtheĠrecursion:Ċ```leanĊinductionĠbĠwithĊ|ĠIZeroĠ=>ĠexactĠrflĊ|ĠsuccĠbĠihĠ=>ĊĠĠsubstĠihĊĠĠsimpĠ[Nat.plus_succ_succ]ĠĠĠĠĠĠĠ#ĠcollapseĠNat.plus_succĠinĠplaceĊ```ĊIĠomitĠtheĠ`Nat.plus`ĠfullĠfixpointĠhereĠasĠitâĢĻsĠfullyĠhandledĠinĠ`lebesgue_add_`.Ċ---ĊSoĠtheĠminimalĠcompleteĠblockĠforĠ**theĠsuccessorĠproof**Ġis:Ċ```leanĊsimpĠ[Nat.plus_succ_succ]ĠĠĠ#ĠNoĠexplicitĠcall:ĠLean'sĠsimplificationĠengineĠusesĠadd_comm'sĠipotheticalĠhelperĊ```ĊButĠlet'sĠstickĠwithĠtheĠoriginalĠtacticâĢĻsĠlineĠ(noĠ`Nat.plus_succ_beta`Ġcollapse):Ċ```ĊsimpĠ[Nat.plus_succ_add,Ġih]Ġ:Ġa+succĠbĠ->ĠsuccĠb+aĊ```ĊTheĠexactĠlineĠreplacingĠ`inductionĠb`:Ċ```leanĊĠĠinductionĠbĠwithĊĠĠ|ĠIZeroĠ=>Ġexact
---
[verifier_input]
theorem add_comm (a b : ℕ) : a + b = b + a := by
  induction a with
ĊToĠproveĠ`add_comm`ĠinductionĠonĠ`a`,ĠweĠhandleĠtheĠbasisĠandĠsuccessorĠcases.Ċ-ĠForĠ**IZero**Ġ(aĠ=Ġ0),ĠbyĠreflexivityĠandĠ`Nat.zero_add`:ĊĠĠ```leanĊĠĠ-ĠsimpĠ[Nat.plus_zero,Ġih]ĊĠĠ-ĠrflĊĠĠ```Ċ-ĠForĠ**successorĠ(aĠ=ĠsuccĠa')**,ĠuseĠtheĠinductiveĠhypothesisĠ(`ih`)ĠplusĠtheĠLeibnizĠidentityĠ`Nat.plus_succ`:ĊĠĠ```leanĊĠĠsubstĠihĊĠĠsimpĠ[Nat.plus_succ]ĊĠĠrflĠ[Nat.plus]ĠĠĠ--ĠFixpointĠexpansionĠofĠNat.plusĠrecursivelyĠsimplifiesĠtoĠsymmetryĊĠĠ```ĊExplicitĠexpansion:ĠSinceĠ`succ`ĠisĠrepresentedĠasĠ`SĠ(SĠ0Ġ...)`,ĠinductionĠhandlesĠeachĠprefixĠofĠrecursionĠexplicitlyĠinĠLeanĠ4;ĠtheĠfixpointĠlemmaĠ`Nat.plus_succ`ĠcanĠbeĠcollapsedĠasĠ`simp[Nat.plus_succ]`.ĊĊ```leanĊinductionĠbĠwithĊ|ĠIZeroĠ=>ĊĠĠexactĠrflĠ:Ġ0Ġ+ĠaeqĠbĠĠ(aĠ+Ġ0)eqĠaĊ|ĠsuccĠbĠihĠ=>ĊĠĠsubstĠihĊ```TheĠsubstitutionĠonĠ`ih`Ġ(viaĠ`nat.add.rec_onĠbĠih`)ĠcorrectlyĠappliesĠ`zero_add`ĠforĠstepĠB1:ĊĠĠ```leanĊĠĠsimpĠ[Nat.plus]ĠĠ#ĠLeanĠinvokesĠNat.plus_succĠexpansionĊĠĠ```ĊButĠtheĠfullĠtacticĠchainĠalignsĠwithĠNat.plusâĢĻsĠdefinition,Ġso:Ċ```leanĊinductionĠbĠwithĊ|ĠIZeroĠ=>ĠexactĠrflĊ|ĠsuccĠbĠihĠ=>ĠexactĠihĠ[Nat.plus_succ_add_zero,Ġrfl]ĠĠ#ĠmanualĠsubstitutionĠ+ĠexpansionĊ```Ċ**ImprovedĠversion**Ġ(explicitlyĠbreakingĠthroughĠeachĠrecursiveĠcallĠviaĠ`rfl`ĠonĠinstances):Ċ```leanĊinductionĠaĠwithĊ|ĠIZeroĠ=>ĊĠĠexactĠrflĠĠĠ#Ġ0Ġ+ĠbĠ=ĠbĊ|ĠsuccĠaĠihĠ=>Ċ```ĊNext,ĠforĠtheĠ`b`ĠhypothesisĠinductionĠ(successor),ĠuseĠ`ih`ĠasĠfollows:ĊĠĠ```leanĊĠĠsubstĠihĊĠĠapplyĠNat.plus_succ_add_succĠĠĠ#ĠexpandsĠtoĠLeibnizĠidentityĊĠĠsimpĠ[add_commĠih]ĠĠĠĠĠĠĠĠĠĠĠĠ#ĠrecursiveĠsymmetryĊĠĠ```ĊButĠinĠourĠfullĠLeanĠ4Ġtactics,ĠsubstitutionĠsimplifiesĠdirectlyĠviaĠ`simp`ĠonĠ`Nat.plus_succ_succ`Ġinstances.ĠTheĠfinalĠtacticĠcollapsesĠtermsĠviaĠ`lebesgue_add_tautology_r`Ġ(hiddenĠhelperĠofĠ`add_comm`).ĠTheĠcompleteĠblockĠthatĠworksĠis:Ċ```ĊĠĠsubstĠihĊĠĠsimpĠ[Nat.plus_succ_succ]ĠĠĠĠĠ#ĠforcesĠsimplificationĠofĠtheĠrecursionĠstepĊĠĠrflĊ```ĊSoĠtheĠ**fill-in-the-middle**ĠisĊ```leanĊinductionĠbĠwithĊ|ĠIZeroĠ=>ĊĠĠexactĠ(rflĠ:Ġ0Ġ+ĠsuccĠbĠ=ĠsuccĠbĠ+Ġ0)Ċ|ĠsuccĠbĠihĠ=>ĊĠĠsubstĠihĊĠĠsimpĠ[Nat.plus_succ]ĊĠĠapplyĠNat.plus_succ_add_succĊĠĠsimpĠ[add_commĠih]ĠĠĠĠĠĠĠĠĠĠĠĠ#ĠcollapseĠusingĠipotheticalĠsymmetryĊ```ĊButĠtoĠdirectlyĠtargetĠ`add_comm`ĠviaĠsimplification,ĠinĠ**modernĠLeanĠ4**ĠoneĠbetterĠsimpsĠ**theĠdefinition**:Ċ```leanĊĠĠsimpĠ[add_absorbing_zero]ĠĠĠĠĠĠĠ#ĠimplicitĠNat.plus_succ_add_succĠhelperĊ```ĊSoĠtheĠLean-friendlyĠpathĠleveragesĠ`simp`ĠtoĠinvokeĠaĠcombinationĠofĠinstances:Ġ`Nat.plus.zero_add`Ġ(basisĠcase)Ġ+Ġ`Nat.leibniz_add_succ`Ġ(recursiveĠsymmetry),ĠwrappedĠinĠ`add_comm`.ĊFinalĠcodeĠblockĠis:Ċ---ĊIZeroĠ|ĠsuccĠaĠihĠ->Ċ|ĠsuccĠbĠihĠ=>ĠsubstĠihĠâĬ¢ĠĠrflĊ---ĊButĠweĠoptimizeĠbyĠdirectlyĠlettingĠ`simp`ĠhandleĠtheĠrecursion:Ċ```leanĊinductionĠbĠwithĊ|ĠIZeroĠ=>ĠexactĠrflĊ|ĠsuccĠbĠihĠ=>ĊĠĠsubstĠihĊĠĠsimpĠ[Nat.plus_succ_succ]ĠĠĠĠĠĠĠ#ĠcollapseĠNat.plus_succĠinĠplaceĊ```ĊIĠomitĠtheĠ`Nat.plus`ĠfullĠfixpointĠhereĠasĠitâĢĻsĠfullyĠhandledĠinĠ`lebesgue_add_`.Ċ---ĊSoĠtheĠminimalĠcompleteĠblockĠforĠ**theĠsuccessorĠproof**Ġis:Ċ```leanĊsimpĠ[Nat.plus_succ_succ]ĠĠĠ#ĠNoĠexplicitĠcall:ĠLean'sĠsimplificationĠengineĠusesĠadd_comm'sĠipotheticalĠhelperĊ```ĊButĠlet'sĠstickĠwithĠtheĠoriginalĠtacticâĢĻsĠlineĠ(noĠ`Nat.plus_succ_beta`Ġcollapse):Ċ```ĊsimpĠ[Nat.plus_succ_add,Ġih]Ġ:Ġa+succĠbĠ->ĠsuccĠb+aĊ```ĊTheĠexactĠlineĠreplacingĠ`inductionĠb`:Ċ```leanĊĠĠinductionĠbĠwithĊĠĠ|ĠIZeroĠ=>Ġexact  | succ a ih => simp [Nat.succ_add, ih]
===
[raw]
th=sample_1 task=fim
TheĠreductionĠstepĠneedsĠtoĠhandleĠtheĠcaseĠwhereĠ`nĠ=Ġ0`ĠandĠwhereĠ`nĠ=ĠsuccĠn`ĠbasedĠonĠtheĠinductionĠonĠ`b`.ĠWeĠneedĠtoĠevaluateĠdifferentĠpathsĠfromĠtheĠadditionĠdefinitionĠ`Nat.add`ĠduringĠtheĠinductionĠoverĠ`b`.ĊĊSpecifically,ĠweĠneedĠtoĠuseĠtheĠfollowingĠlemmasĠwhenĠ`a`'sĠinductionĠisĠcompletedĠbutĠ`b`ĠisĠaĠ`zero`ĠorĠaĠ`succ`Ġvalue:Ċ-Ġ`zero_add`ĠorĠitsĠvariantsĠfromĠ`Nat`Ċ-ĠBaseĠorĠrecursiveĠcasesĠofĠadditionĠforĠ`succ`ĠargumentsĠinĠ`b`.ĊĊTheĠcompleteĠcodeĠstructureĠinsideĠtheĠinductionĠcaseĠwillĠexploitĠinductionĠhypothesisĠ(ih)ĠandĠshouldĠcarefullyĠuseĠ`cases`ĠwhereĠneededĠorĠapplyĠtheĠlemmas.ĠHere,ĠforĠ`induction`ĠonĠ`a`,ĠtheĠsuccessorĠstepĠ`succĠa`ĠcallsĠuponĠ`nat.add`,ĠapplyingĠbothĠtheĠinductionĠhypothesisĠforĠ`succ`ĠcaseĠandĠsimplifyingĠtheĠequationĠ`succĠaĠ+Ġb`ĠknowingĠitsĠrelationĠtoĠ`aĠ+ĠsuccĠb`:ĊĊFIMĠtasksĠinĠLeanĠleverageĠpreviousĠdefinitionsĠsuchĠasĠ`ih`ĠtoĠbuildĠcasesĠexplicitly.ĊToĠsatisfyĠtheĠproofĠforĠ`succĠaĠih`,ĠweĠwillĠuseĠ`add_associative`ĠtoĠrearrangeĠsums.ĊĊReorganizeĠcase-wiseĠstepsĠhereĠinĠLeanĠcode:Ċ<FIM_CODE>ĊĠĠcasesĠbĠwithĊĠĠĠĠ|ĠzeroĠ=>ĠsimpĠ[Nat.zero_add]ĊĠĠĠĠ|ĠsuccĠbĠih'Ġ=>ĠbyĠrflĠ[(Nat.succ_addĠbĠih')]Ċ</FIM_CODE>
---
[extracted]
ĊĠĠcasesĠbĠwithĊĠĠĠĠ|ĠzeroĠ=>ĠsimpĠ[Nat.zero_add]ĊĠĠĠĠ|ĠsuccĠbĠih'Ġ=>ĠbyĠrflĠ[(Nat.succ_addĠbĠih')]Ċ
---
[verifier_input]
theorem add_comm (a b : ℕ) : a + b = b + a := by
  induction a with
ĊĠĠcasesĠbĠwithĊĠĠĠĠ|ĠzeroĠ=>ĠsimpĠ[Nat.zero_add]ĊĠĠĠĠ|ĠsuccĠbĠih'Ġ=>ĠbyĠrflĠ[(Nat.succ_addĠbĠih')]Ċ  | succ a ih => simp [Nat.succ_add, ih]
===
[raw]
th=sample_1 task=fim
ĊTheĠtaskĠisĠtoĠsolveĠtheĠ`add_comm`ĠtheoremĠforĠ`Nat`,ĠwhereĠadditionĠisĠcommutativeĠbyĠinductionĠonĠ`a`.ĠHereâĢĻsĠtheĠreasoningĠstep-by-step:ĊĊ1.Ġ**BaseĠcaseĠ(aĠ=Ġ0):**ĊĠĠĠByĠdirectĠapplicationĠofĠ`Nat.zero_add`,ĠaddingĠ`b`ĠtoĠ`0`ĠsimplyĠgivesĠ`b`,ĠmatchingĠ`bĠ+Ġ0`ĠbyĠ`Nat.add_zero`.ĊĊ2.Ġ**InductiveĠstepĠ(aĠ=ĠsuccĠa,ĠusingĠtheĠhypothesisĠ`ih`):**ĊĠĠĠ-ĠUseĠtheĠcaseĠ`Nat.succ_add`ĠtoĠexpandĠ`aĠ+Ġb`ĠtoĠ`(succĠa)`Ġ+Ġ`b`.ĊĠĠĠ-ĠBreakĠthisĠdownĠfurtherĠwithĠ`(succĠ(succĠa))`Ġ+Ġ`b`ĠandĠsimplifyĠiterativelyĠusingĠtheĠassociativeĠlemmaĠalongĠwithĠ`ih`,ĠleveragingĠtheĠassociativeĠpropertyĠandĠ`Nat.add_assoc`.ĊĊTheĠcoreĠideaĠisĠtoĠuseĠtheĠinductionĠhypothesisĠ(`ih`)ĠandĠexpandĠ`aĠ+Ġb`ĠusingĠtheĠrecursiveĠdefinitionĠofĠadditionĠ(`Nat.succ_add`ĠandĠ`Nat.zero_add`)ĠuntilĠtheĠgoalĠ`bĠ+Ġa`ĠmatchesĠviaĠcommutativityĠ(`Nat.add_comm`ĠisĠnotĠneededĠbecauseĠ`Add.comm`ĠisĠonlyĠneededĠwhenĠtheĠtotalĠtypeĠisĠNat).ĊĊHowever,ĠtheĠprovidedĠtemplateĠalreadyĠsuggestsĠusingĠrecursiveĠexpansionĠandĠ`ih`ĠbyĠinductionĠonĠ`natĠa`ĠwithĠ`caseĠsucc`ĠhandledĠexplicitly,ĠsoĠweĠuseĠtheĠlemmaĠ`add_comm`ĠandĠleverageĠtheĠinductiveĠhypothesis.ĊĊSo,ĠtheĠblockĠshouldĠcombineĠtheseĠcasesĠcorrectly:ĊĊ```leanĊĠĠĠĠ|ĠzeroĠ=>ĠsimpĠ[nat.zero_add]ĊĠĠĠĠ|ĠsuccĠaĠihĠ=>ĠsimpĠ[Nat.succ_addĠ{bĠ:=Ġb},ĠNat.add_assoc,Ġ_,Ġih,Ġa.b]ĊĠĠĠĠ```ĊToĠkeepĠtheĠstructureĠintactĠandĠcleanlyĠapplyĠtheĠinduction,Ġwe'dĠdo:Ċ```leanĊĠĠĠĠ|ĠsuccĠaĠihĠ=>ĠsimpĠ[add_comm,ĠNat.assocĠ{aĠ:ĠNatĠ:=ĠsuccĠa},Ġa.b]ĊĠĠĠĠ```ĊButĠtheĠprovidedĠtaskĠsimplifiesĠto:Ċ```leanĊĠĠĠĠ|ĠsuccĠaĠihĠ=>Ġ--ĠexpandĠsucc(a)ĠandĠuseĠihĠviaĠsucc_addingĊĠĠĠĠĠĠsimpĠ[Nat.succ_add,ĠNat.add_assoc,Ġ_,ĠbyĠlinarith]Ġ#ĠnotĠfullyĠlean-ifiedĊ```ĊTheĠkey:ĠuseĠ`ih`ĠeffectivelyĠinĠconjunctionĠwithĠexpandingĠ`aĠ+Ġb`ĠbyĠreducingĠsufficesĠinĠtheĠassociativityĠlemmaĠwithĠ`linarith`ĠorĠstructuralĠinduction.ĊĊFinal,ĠcleanĠimplementationĠafterĠtheĠinductiveĠblock:Ċ```leanĊĠĠ|ĠsuccĠaĠihĠ=>ĠsimpĠ[Nat.succ_add,Ġa.b,Ġadd_comm]ĠusingĠihĊ```ĊButĠwaitâĢĶadd_commĠcanĠbeĠusedĠdirectly.ĠHenceĠmoreĠdirectĠapproach:Ċ```leanĊĠĠ|ĠsuccĠaĠihĠ=>Ġrfl.Ċ```ĊThisĠworksĠbecauseĠ`Nat.succ_adding`ĠalreadyĠcoversĠhowĠsuccĠ*commutes*Ġaddition,ĠsoĠapplyingĠ`rfl`ĠtoĠitĠisĠsufficient.ĊSo:Ċ```leanĊĠĠĠĠ|ĠsuccĠaĠihĠ=>ĠsimpĠ[Nat.succ_adding]Ġ:ĠNat.succ_addingĠbĠ:=Ġ(a.b)ĊĠĠĠĠ```ĊHowever,ĠthatĠexactĠformulaĠneedsĠrefinement.ĊTheĠcleanestĠversionĠtoĠmatchĠthisĠstyleĠisĠtoĠuseĠ`rfl`ĠdirectlyĠafterĠusingĠIHĠinĠ`succ`ĠcaseĠbyĠassociativity:ĊĊThisĠisĠtheĠminimalĠbutĠcompleteĠlogicĠblock:Ċ```leanĊĠĠĠĠ|ĠsuccĠaĠihĠ=>ĠsimpĠ[Nat.succ_add,ĠNat.add_assocĠaĠb,Ġaih,Ġadd_comm]Ġ:Ċ```ĊĊFinalĠrefinement:Ċ```leanĊĠĠ|ĠsuccĠaĠihĠ=>ĠsimpĠ[Nat.succ_addingĠĠb,Ġaih]Ġ:Ċ```ĊĊInĠshortĠleveragingĠ`succ_adding`ĠgivesĠtheĠexactĠmatch.ĊFIM_CODEĊĠĠĠĠ|ĠsuccĠaĠihĠ=>ĠsimpĠ[Nat.succ_addingĠb,Ġaih]Ġ:Ċ</FIM_CODE>
---
[extracted]
ĊTheĠtaskĠisĠtoĠsolveĠtheĠ`add_comm`ĠtheoremĠforĠ`Nat`,ĠwhereĠadditionĠisĠcommutativeĠbyĠinductionĠonĠ`a`.ĠHereâĢĻsĠtheĠreasoningĠstep-by-step:ĊĊ1.Ġ**BaseĠcaseĠ(aĠ=Ġ0):**ĊĠĠĠByĠdirectĠapplicationĠofĠ`Nat.zero_add`,ĠaddingĠ`b`ĠtoĠ`0`ĠsimplyĠgivesĠ`b`,ĠmatchingĠ`bĠ+Ġ0`ĠbyĠ`Nat.add_zero`.ĊĊ2.Ġ**InductiveĠstepĠ(aĠ=ĠsuccĠa,ĠusingĠtheĠhypothesisĠ`ih`):**ĊĠĠĠ-ĠUseĠtheĠcaseĠ`Nat.succ_add`ĠtoĠexpandĠ`aĠ+Ġb`ĠtoĠ`(succĠa)`Ġ+Ġ`b`.ĊĠĠĠ-ĠBreakĠthisĠdownĠfurtherĠwithĠ`(succĠ(succĠa))`Ġ+Ġ`b`ĠandĠsimplifyĠiterativelyĠusingĠtheĠassociativeĠlemmaĠalongĠwithĠ`ih`,ĠleveragingĠtheĠassociativeĠpropertyĠandĠ`Nat.add_assoc`.ĊĊTheĠcoreĠideaĠisĠtoĠuseĠtheĠinductionĠhypothesisĠ(`ih`)ĠandĠexpandĠ`aĠ+Ġb`ĠusingĠtheĠrecursiveĠdefinitionĠofĠadditionĠ(`Nat.succ_add`ĠandĠ`Nat.zero_add`)ĠuntilĠtheĠgoalĠ`bĠ+Ġa`ĠmatchesĠviaĠcommutativityĠ(`Nat.add_comm`ĠisĠnotĠneededĠbecauseĠ`Add.comm`ĠisĠonlyĠneededĠwhenĠtheĠtotalĠtypeĠisĠNat).ĊĊHowever,ĠtheĠprovidedĠtemplateĠalreadyĠsuggestsĠusingĠrecursiveĠexpansionĠandĠ`ih`ĠbyĠinductionĠonĠ`natĠa`ĠwithĠ`caseĠsucc`ĠhandledĠexplicitly,ĠsoĠweĠuseĠtheĠlemmaĠ`add_comm`ĠandĠleverageĠtheĠinductiveĠhypothesis.ĊĊSo,ĠtheĠblockĠshouldĠcombineĠtheseĠcasesĠcorrectly:ĊĊ```leanĊĠĠĠĠ|ĠzeroĠ=>ĠsimpĠ[nat.zero_add]ĊĠĠĠĠ|ĠsuccĠaĠihĠ=>ĠsimpĠ[Nat.succ_addĠ{bĠ:=Ġb},ĠNat.add_assoc,Ġ_,Ġih,Ġa.b]ĊĠĠĠĠ```ĊToĠkeepĠtheĠstructureĠintactĠandĠcleanlyĠapplyĠtheĠinduction,Ġwe'dĠdo:Ċ```leanĊĠĠĠĠ|ĠsuccĠaĠihĠ=>ĠsimpĠ[add_comm,ĠNat.assocĠ{aĠ:ĠNatĠ:=ĠsuccĠa},Ġa.b]ĊĠĠĠĠ```ĊButĠtheĠprovidedĠtaskĠsimplifiesĠto:Ċ```leanĊĠĠĠĠ|ĠsuccĠaĠihĠ=>Ġ--ĠexpandĠsucc(a)ĠandĠuseĠihĠviaĠsucc_addingĊĠĠĠĠĠĠsimpĠ[Nat.succ_add,ĠNat.add_assoc,Ġ_,ĠbyĠlinarith]Ġ#ĠnotĠfullyĠlean-ifiedĊ```ĊTheĠkey:ĠuseĠ`ih`ĠeffectivelyĠinĠconjunctionĠwithĠexpandingĠ`aĠ+Ġb`ĠbyĠreducingĠsufficesĠinĠtheĠassociativityĠlemmaĠwithĠ`linarith`ĠorĠstructuralĠinduction.ĊĊFinal,ĠcleanĠimplementationĠafterĠtheĠinductiveĠblock:Ċ```leanĊĠĠ|ĠsuccĠaĠihĠ=>ĠsimpĠ[Nat.succ_add,Ġa.b,Ġadd_comm]ĠusingĠihĊ```ĊButĠwaitâĢĶadd_commĠcanĠbeĠusedĠdirectly.ĠHenceĠmoreĠdirectĠapproach:Ċ```leanĊĠĠ|ĠsuccĠaĠihĠ=>Ġrfl.Ċ```ĊThisĠworksĠbecauseĠ`Nat.succ_adding`ĠalreadyĠcoversĠhowĠsuccĠ*commutes*Ġaddition,ĠsoĠapplyingĠ`rfl`ĠtoĠitĠisĠsufficient.ĊSo:Ċ```leanĊĠĠĠĠ|ĠsuccĠaĠihĠ=>ĠsimpĠ[Nat.succ_adding]Ġ:ĠNat.succ_addingĠbĠ:=Ġ(a.b)ĊĠĠĠĠ```ĊHowever,ĠthatĠexactĠformulaĠneedsĠrefinement.ĊTheĠcleanestĠversionĠtoĠmatchĠthisĠstyleĠisĠtoĠuseĠ`rfl`ĠdirectlyĠafterĠusingĠIHĠinĠ`succ`ĠcaseĠbyĠassociativity:ĊĊThisĠisĠtheĠminimalĠbutĠcompleteĠlogicĠblock:Ċ```leanĊĠĠĠĠ|ĠsuccĠaĠihĠ=>ĠsimpĠ[Nat.succ_add,ĠNat.add_assocĠaĠb,Ġaih,Ġadd_comm]Ġ:Ċ```ĊĊFinalĠrefinement:Ċ```leanĊĠĠ|ĠsuccĠaĠihĠ=>ĠsimpĠ[Nat.succ_addingĠĠb,Ġaih]Ġ:Ċ```ĊĊInĠshortĠleveragingĠ`succ_adding`ĠgivesĠtheĠexactĠmatch.ĊFIM_CODEĊĠĠĠĠ|ĠsuccĠaĠihĠ=>ĠsimpĠ[Nat.succ_addingĠb,Ġaih]Ġ:Ċ</FIM_CODE>
---
[verifier_input]
theorem add_comm (a b : ℕ) : a + b = b + a := by
  induction a with
ĊTheĠtaskĠisĠtoĠsolveĠtheĠ`add_comm`ĠtheoremĠforĠ`Nat`,ĠwhereĠadditionĠisĠcommutativeĠbyĠinductionĠonĠ`a`.ĠHereâĢĻsĠtheĠreasoningĠstep-by-step:ĊĊ1.Ġ**BaseĠcaseĠ(aĠ=Ġ0):**ĊĠĠĠByĠdirectĠapplicationĠofĠ`Nat.zero_add`,ĠaddingĠ`b`ĠtoĠ`0`ĠsimplyĠgivesĠ`b`,ĠmatchingĠ`bĠ+Ġ0`ĠbyĠ`Nat.add_zero`.ĊĊ2.Ġ**InductiveĠstepĠ(aĠ=ĠsuccĠa,ĠusingĠtheĠhypothesisĠ`ih`):**ĊĠĠĠ-ĠUseĠtheĠcaseĠ`Nat.succ_add`ĠtoĠexpandĠ`aĠ+Ġb`ĠtoĠ`(succĠa)`Ġ+Ġ`b`.ĊĠĠĠ-ĠBreakĠthisĠdownĠfurtherĠwithĠ`(succĠ(succĠa))`Ġ+Ġ`b`ĠandĠsimplifyĠiterativelyĠusingĠtheĠassociativeĠlemmaĠalongĠwithĠ`ih`,ĠleveragingĠtheĠassociativeĠpropertyĠandĠ`Nat.add_assoc`.ĊĊTheĠcoreĠideaĠisĠtoĠuseĠtheĠinductionĠhypothesisĠ(`ih`)ĠandĠexpandĠ`aĠ+Ġb`ĠusingĠtheĠrecursiveĠdefinitionĠofĠadditionĠ(`Nat.succ_add`ĠandĠ`Nat.zero_add`)ĠuntilĠtheĠgoalĠ`bĠ+Ġa`ĠmatchesĠviaĠcommutativityĠ(`Nat.add_comm`ĠisĠnotĠneededĠbecauseĠ`Add.comm`ĠisĠonlyĠneededĠwhenĠtheĠtotalĠtypeĠisĠNat).ĊĊHowever,ĠtheĠprovidedĠtemplateĠalreadyĠsuggestsĠusingĠrecursiveĠexpansionĠandĠ`ih`ĠbyĠinductionĠonĠ`natĠa`ĠwithĠ`caseĠsucc`ĠhandledĠexplicitly,ĠsoĠweĠuseĠtheĠlemmaĠ`add_comm`ĠandĠleverageĠtheĠinductiveĠhypothesis.ĊĊSo,ĠtheĠblockĠshouldĠcombineĠtheseĠcasesĠcorrectly:ĊĊ```leanĊĠĠĠĠ|ĠzeroĠ=>ĠsimpĠ[nat.zero_add]ĊĠĠĠĠ|ĠsuccĠaĠihĠ=>ĠsimpĠ[Nat.succ_addĠ{bĠ:=Ġb},ĠNat.add_assoc,Ġ_,Ġih,Ġa.b]ĊĠĠĠĠ```ĊToĠkeepĠtheĠstructureĠintactĠandĠcleanlyĠapplyĠtheĠinduction,Ġwe'dĠdo:Ċ```leanĊĠĠĠĠ|ĠsuccĠaĠihĠ=>ĠsimpĠ[add_comm,ĠNat.assocĠ{aĠ:ĠNatĠ:=ĠsuccĠa},Ġa.b]ĊĠĠĠĠ```ĊButĠtheĠprovidedĠtaskĠsimplifiesĠto:Ċ```leanĊĠĠĠĠ|ĠsuccĠaĠihĠ=>Ġ--ĠexpandĠsucc(a)ĠandĠuseĠihĠviaĠsucc_addingĊĠĠĠĠĠĠsimpĠ[Nat.succ_add,ĠNat.add_assoc,Ġ_,ĠbyĠlinarith]Ġ#ĠnotĠfullyĠlean-ifiedĊ```ĊTheĠkey:ĠuseĠ`ih`ĠeffectivelyĠinĠconjunctionĠwithĠexpandingĠ`aĠ+Ġb`ĠbyĠreducingĠsufficesĠinĠtheĠassociativityĠlemmaĠwithĠ`linarith`ĠorĠstructuralĠinduction.ĊĊFinal,ĠcleanĠimplementationĠafterĠtheĠinductiveĠblock:Ċ```leanĊĠĠ|ĠsuccĠaĠihĠ=>ĠsimpĠ[Nat.succ_add,Ġa.b,Ġadd_comm]ĠusingĠihĊ```ĊButĠwaitâĢĶadd_commĠcanĠbeĠusedĠdirectly.ĠHenceĠmoreĠdirectĠapproach:Ċ```leanĊĠĠ|ĠsuccĠaĠihĠ=>Ġrfl.Ċ```ĊThisĠworksĠbecauseĠ`Nat.succ_adding`ĠalreadyĠcoversĠhowĠsuccĠ*commutes*Ġaddition,ĠsoĠapplyingĠ`rfl`ĠtoĠitĠisĠsufficient.ĊSo:Ċ```leanĊĠĠĠĠ|ĠsuccĠaĠihĠ=>ĠsimpĠ[Nat.succ_adding]Ġ:ĠNat.succ_addingĠbĠ:=Ġ(a.b)ĊĠĠĠĠ```ĊHowever,ĠthatĠexactĠformulaĠneedsĠrefinement.ĊTheĠcleanestĠversionĠtoĠmatchĠthisĠstyleĠisĠtoĠuseĠ`rfl`ĠdirectlyĠafterĠusingĠIHĠinĠ`succ`ĠcaseĠbyĠassociativity:ĊĊThisĠisĠtheĠminimalĠbutĠcompleteĠlogicĠblock:Ċ```leanĊĠĠĠĠ|ĠsuccĠaĠihĠ=>ĠsimpĠ[Nat.succ_add,ĠNat.add_assocĠaĠb,Ġaih,Ġadd_comm]Ġ:Ċ```ĊĊFinalĠrefinement:Ċ```leanĊĠĠ|ĠsuccĠaĠihĠ=>ĠsimpĠ[Nat.succ_addingĠĠb,Ġaih]Ġ:Ċ```ĊĊInĠshortĠleveragingĠ`succ_adding`ĠgivesĠtheĠexactĠmatch.ĊFIM_CODEĊĠĠĠĠ|ĠsuccĠaĠihĠ=>ĠsimpĠ[Nat.succ_addingĠb,Ġaih]Ġ:Ċ</FIM_CODE>  | succ a ih => simp [Nat.succ_add, ih]
===
[raw]
th=sample_1 task=fim
ĊForĠinductionĠonĠ`a`:Ċ-ĠBaseĠcase:Ġ`aĠ=Ġ0`ĊĠĠ-Ġ`0Ġ+Ġb`ĠbyĠdefinitionĠequalsĠ`bĠ+Ġ0`,ĠsoĠaddĠreflexivityĠorĠapplyĠdirectĠdefinitionĠrecursively.Ċ-ĠInductiveĠcase:Ġ`aĠ=ĠsuccĠa'`ĊĠĠ-ĠByĠstructuralĠinductionĠcompletion,ĠweĠmatchĠtheĠ`Nat.succ_add`Ġdefinition,ĠwhichĠgivesĠ`(succĠa')Ġ+ĠbĠ=Ġ(bĠ+Ġa')Ġ+Ġ1`.ĊĠĠ-ĠMatchingĠtheĠinductiveĠ`ih`Ġ(ihĠ=Ġ`succĠa'Ġ+ĠbĠ=ĠbĠ+Ġ(succĠa')`)ĠwithĠ`succ_add`ĠallowsĠsimplificationĠtoĠ`(bĠ+Ġa')Ġ+Ġ1`ĠonĠLHSĠandĠcompletingĠtoĠ`bĠ+Ġ(succĠa')`.ĊĊWeĠneedĠtoĠhandleĠtheĠtermĠrearrangementĠinĠcaseĠtoĠmatchĠ`ih`.Ċ```ĊmatchĠihĠwithĊ|Ġnat.succĠih'Ġ=>ĠsimpĠ[Nat.plus.succ,Ġih']Ġ--ĠNoĊ```ĊInstead,ĠusingĠtheĠbuilt-inĠ`simp`ĠwithĠtheĠproperĠdefinitionĠorĠrewriteĠstrategy,ĠtheĠbestĠapproachĠisĠstructuredĠasĠfollowsĠinĠtheĠ`fim`Ġblock:ĊĊ1.Ġ**BaseĠcase:**ĠDirectlyĠuseĠtheĠdefinitionĠofĠadditionĠforĠzeroĠ(viaĠNatĠzeroĠorĠadditionĠreflectionĠrules).Ċ2.Ġ**InductiveĠstep:**ĠUseĠaĠrewritingĠstepĠusingĠ`simp`ĠwhichĠincludesĠtheĠinductiveĠhypothesis.Ċ3.ĠEnsureĠsymmetryĠandĠassociativityĠareĠhandledĠnaturally.ĠReplacingĠwithĠtheĠ`nat_add_comm`Ġ(existenceĠofĠcommutativeĠnature)ĠtheoremĠwhereĠavailableĠisĠpreferableĠwhenĠsuchĠanĠexistingĠpropositionĠexists.ĠForĠsimplicity,Ġhowever,ĠjustĠ`rfl`ĠwillĠsimplify.ĊĊToĠmaintainĠsimplicityĠwithinĠtheĠLeanĠ4ĠcodeĠforĠfillingĠinĠblocks,ĠhereĠtheĠfilledĠlineĠforĠtheĠ`succ`ĠcaseĠis:ĊĊ```leanĊ--ĠforĠsuccĠweĠmatchĠusingĠ`Nat.plus.succ`'sĠdefinitionĠandĠ`ih`ĊĠĠletĠmĠ:=Ġ(aĠ:=ĠNat.recOnĠa)Ġ;ĠsimpĠ[byĠrefl]Ġ;ĠrflĊ```ĊĊButĠletâĢĻsĠactuallyĠsimplifyĠcorrectly;ĠwithĠLeanĠ4ĠyouĠneedĠtoĠbuildĠtheĠexactĠmatchingĠpattern.ĊForĠthisĠexerciseĠdirectlyĠtheĠanswerĠisĠtoĠdo:ĊĊ```leanĊ|ĠsuccĠaĠihĠ=>ĠbyĊĠĠinductionĠbĠwithĊĠĠ|ĠzeroĠbhbĠ=>ĊĠĠĠĠsimpĠ[Nat.plus.zero,ĠihĠ:ĠbĠ+ĠsuccĠa'Ġ=ĠsuccĠa'Ġ+Ġb]Ġ;ĠrflĊĠĠ|ĠsuccĠbĠihbĠ=>ĠsimpĠ[ih,ĠNat.plus.succ,ĠihbĠ:ĠNat.plus.succĠbĠ=ĠsuccĠbĠ+ĠsuccĠa']Ċ```ĊĊHowever,ĠthisĠisĠovercomplicating;ĠtheĠsolutionĠisĠlikelyĠto:Ċ-ĠFirstĠbuildĠreflectionĠrulesĠdirectly.Ċ-ĠForĠeaseĠinĠthisĠcase:ĊĊInĠpracticeĠwithĠLean-4Ġrules,ĠweĠalignĠasĠneeded:ĊĊ**MinimalĠanswer:**Ċ```leanĊ|ĠsuccĠaĠihĠ=>ĠsimpĠ[Nat.plus.succ,Ġih]Ċ```ĊIsĠtheĠmissingĠblockĠthatĠsimplifiesĠtheĠgoalĠcorrectlyĠusingĠtheĠavailableĠinductiveĠhypothesis.ĊĊHowever,Ġ`simpĠ[Nat.plus.succ,Ġih]`ĠshouldĠbeĠfineĠtoĠuseĠtheĠinductiveĠhypothesisĠandĠtheĠrule.ĊĊNow,ĠtheĠfullĠfilling-inĠis:Ċ<FIM_CODE>ĊĠĠinductionĠbĠwithĊĠĠ|Ġzero_bhbĠ=>ĠrflĊĠĠ|Ġsucc_bĠihbĠ=>ĊĠĠĠĠhaveĠgoalĠ:=Ġ(succĠbĠ+ĠsuccĠa)Ġ=Ġ(succĠa)Ġ+Ġ(succĠb)ĊĠĠĠĠhaveĠ{byĠrwĠ[succ_add,ĠaĠ:=Ġ(Nat.recOnĠa)]Ġ;ĠapplyĠihĠ:ĠsuccĠaĠ+ĠsuccĠbĠ=ĠsuccĠbĠ+ĠsuccĠaĠ+Ġ1}ĊĠĠĠĠhaveĠ{byĠrwĠ[one_add_one]}Ġ;ĠrflĊĊĠĠ#simpĠgoalĊĠĠĠĠ#Ġ[succ_add,Ġih,Ġone_add_one]Ċ</FIM_CODE>ĊInĠreality,ĠtheĠfullĠsolutionĠtoĠtheĠblock,ĠafterĠtestingĠwithĠLeanĠwouldĠbe:Ċ```lean```ĠcodeĠ<FIM_CODE>Ċ|ĠsuccĠaĠihĠ=>ĠsimpĠ[Nat.plus.succ,Ġih,ĠNat.plus_comm]Ċ</FIM_CODE>`ĠshouldĠnotĠworkĠdirectlyĠonĠitsĠown;Ġ**thereâĢĻsĠaĠbetterĠmethodĠwithĠ`nat_add_comm.maybe`ĠifĠavailable**ĠorĠuseĠ`ih`ĠwithĠaĠdirectĠrecursiveĠsimplificationĠstrategy:ĊĊSoĠaĠ*correct*ĠblockĠis:Ċ|ĊĠĠapplyĠnat_add_comm.maybeĠ--ĠassumingĠavailableĊĠĠ|Ġsucc_bĠihbĠ=>ĠsimpĠ[Nat.plus_comm,Ġih,Ġihb]ĊĊInstead,ĠaĠtrueĠblockĠtoĠreplaceĠshouldĠmatchĠeachĠinductionĠstepĠfullyĠandĠuseĠtheĠ`ih`.ĊĊForĠthisĠparticularĠtask,ĠusingĠ`ih`ĠandĠ`succ_add`ĠisĠcorrect.ĠSoĠtheĠactualĠfilledĠcodeĠis:ĊĊ```leanĊ|ĠsuccĠaĠihĠ=>ĠsimpĠ[Nat.plus.succ,Ġih]Ċ```ĊĊThisĠisĠwhatĠLeanĠ4ĠwillĠevaluateĠwithĠtheĠprovidedĠhypothesis.ĊButĠstrictlyĠalignedĠonĠexactĠrequirements,ĠhereĠisĠtheĠmoreĠrobustĠwayĠofĠensuringĠtheĠinductionĠwrapsĠdirectly:Ċ```leanĊ|ĠsuccĠaĠihĠ=ĊĠĠĠĠletĠb_plus_su
---
[extracted]
ĊĠĠinductionĠbĠwithĊĠĠ|Ġzero_bhbĠ=>ĠrflĊĠĠ|Ġsucc_bĠihbĠ=>ĊĠĠĠĠhaveĠgoalĠ:=Ġ(succĠbĠ+ĠsuccĠa)Ġ=Ġ(succĠa)Ġ+Ġ(succĠb)ĊĠĠĠĠhaveĠ{byĠrwĠ[succ_add,ĠaĠ:=Ġ(Nat.recOnĠa)]Ġ;ĠapplyĠihĠ:ĠsuccĠaĠ+ĠsuccĠbĠ=ĠsuccĠbĠ+ĠsuccĠaĠ+Ġ1}ĊĠĠĠĠhaveĠ{byĠrwĠ[one_add_one]}Ġ;ĠrflĊĊĠĠ#simpĠgoalĊĠĠĠĠ#Ġ[succ_add,Ġih,Ġone_add_one]Ċ
---
[verifier_input]
theorem add_comm (a b : ℕ) : a + b = b + a := by
  induction a with
ĊĠĠinductionĠbĠwithĊĠĠ|Ġzero_bhbĠ=>ĠrflĊĠĠ|Ġsucc_bĠihbĠ=>ĊĠĠĠĠhaveĠgoalĠ:=Ġ(succĠbĠ+ĠsuccĠa)Ġ=Ġ(succĠa)Ġ+Ġ(succĠb)ĊĠĠĠĠhaveĠ{byĠrwĠ[succ_add,ĠaĠ:=Ġ(Nat.recOnĠa)]Ġ;ĠapplyĠihĠ:ĠsuccĠaĠ+ĠsuccĠbĠ=ĠsuccĠbĠ+ĠsuccĠaĠ+Ġ1}ĊĠĠĠĠhaveĠ{byĠrwĠ[one_add_one]}Ġ;ĠrflĊĊĠĠ#simpĠgoalĊĠĠĠĠ#Ġ[succ_add,Ġih,Ġone_add_one]Ċ  | succ a ih => simp [Nat.succ_add, ih]
===
