[step?] success=False th=e03f38f5-2efa-5932-893e-648c88b82a72 gen_len=2471 p=0 s=0
<empty>
---
[step?] success=False th=e03f38f5-2efa-5932-893e-648c88b82a72 gen_len=5628 p=0 s=0
<empty>
---
[step?] success=False th=c7de1b79-feb2-5352-b93e-336d95641e5c gen_len=1877 p=0 s=0
<empty>
---
[step?] success=False th=c7de1b79-feb2-5352-b93e-336d95641e5c gen_len=3264 p=0 s=0
<empty>
---
[verify] success=False th=sample_1 gen_len=149
theorem add_comm (a b : ℕ) : a + b = b + a := by
```leanĊtheoremĠadd_commĠ(aĠbĠ:ĠâĦķ)Ġ:ĠaĠ+ĠbĠ=ĠbĠ+ĠaĠ:=ĠbyĊinductionĠaĠwithĊĠĠ|ĠzeroĠ{ĠbĠ:=ĠbyĠrflĠ}ĊĠĠ|ĠsuccĠaĠihĠ{ĠbyĠsimpĠ[Nat.succ_add,Ġih]Ġ}Ċ```  | zero => simp
  | succ a ih => simp [Nat.succ_add, ih]
---
[verify] success=False th=sample_1 gen_len=104
theorem add_comm (a b : ℕ) : a + b = b + a := by
  induction a with
```leanĊĠĠĠĠinductionĠbĠwithĊ|ĠzeroĠbĠ=>ĊĠĠexactĠNat.zero_addĊ|ĠsuccĠbĠihĠ=>ĠsimpĠ[Nat.add_succ,Ġih]Ċ```  | succ a ih => simp [Nat.succ_add, ih]
---
[verify] success=False th=sample_1 gen_len=205
theorem add_comm (a b : ℕ) : a + b = b + a := by
  induction a with
```leanĊĠĠĠĠ|Ġ0Ġ=>ĠexactĠadd_comm_0ĊĠĠ|ĠsuccĠaĠihĠ=>ĊĠĠĠĠexactĠadd_comm_succĠâŁ¨a,ĠihâŁ©Ċ```ĊĊOr,ĠmoreĠelegantlyĠwithĠ`simp`ĠbasedĠapproach:Ċ```leanĊĠĠĠĠ|Ġ0Ġ=>Ġ`0Ġ+ĠbĠ=ĠbĠ+Ġ0`ĠĠ(*ĠmatchesĠadd_comm_0Ġ*)Ċ```  | succ a ih => simp [Nat.succ_add, ih]
---
[verify] success=False th=sample_1 gen_len=50
theorem add_comm (a b : ℕ) : a + b = b + a := by
  induction a with
```leanĊĠĠĠĠ|Ġ0ĠbĠ=>ĠsimpĊĠĠĠĠ|ĠsuccĠ0Ġ=>ĠsimpĊ```  | succ a ih => simp [Nat.succ_add, ih]
---
[verify] success=False th=sample_1 gen_len=84
theorem add_comm (a b : ℕ) : a + b = b + a := by
  induction a with
```leanĊĠĠĠĠcaseĠnĊĠĠĠĠhavingĠhĠ:=Ġinduction_resultĊĠĠĠĠsimpĠ[h,ĠNat.succ_apply]Ċ```  | succ a ih => simp [Nat.succ_add, ih]
---
[verify] success=False th=sample_1 gen_len=92
theorem add_comm (a b : ℕ) : a + b = b + a := by
  induction a with
```leanĊĠĠbaseĠbĠ=>ĠrflĊ```ĊĊwhereĠweĠuseĠ`rfl`Ġ(reflexivityĠofĠadditionĠforĠtheĠbaseĠcase).  | succ a ih => simp [Nat.succ_add, ih]
---
[verify] success=False th=sample_1 gen_len=143
theorem add_comm (a b : ℕ) : a + b = b + a := by
  induction a with
```rustĊorĠ{ĠcasesĠ:=ĠfalseĠ}ĊcaseĠnĠ=>ĠNat.zero_addĠaĠ:=ĠsimpĠ[Nat.zero_addĠ:=ĠNat.succ_zero_eq_zero]ĊcaseĠsuccĠaĠ=>ĠexactĠNat.succ_commĠaĊ```  | succ a ih => simp [Nat.succ_add, ih]
---
[verify] success=False th=sample_1 gen_len=86
theorem add_comm (a b : ℕ) : a + b = b + a := by
  induction a with
```rustĊcaseĠ0Ġ=>ĊĠĠexactĠNat.zero_addĊcaseĠsuccĠaĠihĠ=>ĊĠĠsimpĠ[Nat.succ_add,Ġih]Ċ```  | succ a ih => simp [Nat.succ_add, ih]
---
[verify] success=False th=sample_1 gen_len=234
theorem add_comm (a b : ℕ) : a + b = b + a := by
```leanĊtheoremĠadd_commĠ(aĠbĠ:ĠâĦķ)Ġ:ĠaĠ+ĠbĠ=ĠbĠ+ĠaĠ:=ĠbyĊĠĠinductionĠbĠwithĊĠĠ|ĠzeroĠ=>ĠsimpĊĠĠ|ĠsuccĠbĠihĠ=>ĊĠĠĠĠcasesĠaĠwithĊĠĠĠĠ|ĠzeroĠ=>ĠrflĊĠĠĠĠ|ĠsuccĠaĠih'Ġ=>ĊĠĠĠĠĠĠsimpĠ[ĊĠĠĠĠĠĠĠĠNat.succ_add,ĊĠĠĠĠĠĠĠĠNat.succ_addĊĠĠĠĠĠĠ]Ċ```  | zero => simp
  | succ a ih => simp [Nat.succ_add, ih]
---
[verify] success=False th=sample_1 gen_len=118
theorem add_comm (a b : ℕ) : a + b = b + a := by
  induction a with
  | zero => simp
```leanĊ|ĠsuccĠaĠihĠ=>ĠbyĊĠĠsimpĠ[add_def,Ġih]ĊĠĠgoalĠ:Ġ(sucĠaĠ+Ġb)Ġ=Ġ(sucĠbĠ+Ġa)ĊĠĠrwĠ[âĨĴ_add]ĊĠĠrwĠadd_commĠaĠbĊ```
---
[verify] success=False th=sample_1 gen_len=150
theorem add_comm (a b : ℕ) : a + b = b + a := by
```leanĊadd_commĠ(aĠbĠ:ĠâĦķ)Ġ:=ĠbyĊĠĠcasesĠbĠwithĠ|ĊĠĠzeroĠ=>ĠsimpĠ[Nat.zero_add]ĊĠĠ|ĠsuccĠbĠihĠ=>ĠrwĠ[Nat.succ_add];ĠapplyĠih;ĠapplyĠNat.succ_injĊ```  | zero => simp
  | succ a ih => simp [Nat.succ_add, ih]
---
[verify] success=False th=sample_1 gen_len=83
theorem add_comm (a b : ℕ) : a + b = b + a := by
  induction a with
  | zero => simp
```leanĊĠĠ|ĠsuccĠaĠihĠ=>ĊĠĠĠĠapplyĠadd.succ_succ;ĊĠĠĠĠexactĠadd.comm_succĠ_Ġih;Ċ```
---
[verify] success=False th=sample_1 gen_len=149
theorem add_comm (a b : ℕ) : a + b = b + a := by
  induction a with
  | zero => simp
```leanĊĠĠ|ĠsucĠaĠihĠ=>ĠrwĠ[add_suc_right-assĠassociativity],ĊĠĠĠĠĠĠĠĠĠĠĠĠĠĠĠĠĠĠĠĠrwĠadd_rec_on_suc_rightĠ(ihĠb),ĠexactĠadd_suc_leftĠaĠ:=ĠbyĠsimpĊ```
---
[verify] success=False th=sample_1 gen_len=574
theorem add_comm (a b : ℕ) : a + b = b + a := by
  induction a with
  | zero => simp
```leanĊĠĠĠĠgeneral_stepĠiĠhĠ:=ĠbyĠ{ĊĠĠĠĠĠĠcasesĠbĠwithĠ|ĠzeroĠ=>ĠsimpĊĠĠĠĠĠĠ|ĠsuccĠjĠ=>ĊĠĠĠĠĠĠĠĠletĠh'Ġ:=ĠiĠ(succĠj)Ġ(succees_mapâĤĤĠ(+)Ġ(succĠ_Ġh)Ġj)Ġ;;ĊĠĠĠĠĠĠĠĠrwĠ[+,Ġsucc_decomp]ĠatĠh'ĊĠĠĠĠĠĠĠĠexactĠ(byĠsimpĠ[h'])ĊĠĠĠĠ};ĊĠĠĠĠassumptionĊĠĠendĠ```ĊĊOrĠalternativelyĠforĠslightlyĠcleanerĠstyle:Ċ```leanĊĠĠĠĠinducti...
---
[verify] success=False th=sample_1 gen_len=111
theorem add_comm (a b : ℕ) : a + b = b + a := by
  induction a with
  | zero => simp
```leanĊĠĠĠĠstepĠ--ĠcaseĠ`aĠ=Ġ0`ĊĠĠ|ĠoneĠiĠ:=ĊĠĠĠĠĠĠassumptionĊĠĠĠĠĠĠapplyĠNat.add_assocĊĠĠĠĠĠĠrreflexiveĠbĊ```
---
[verify] success=False th=sample_1 gen_len=415
theorem add_comm (a b : ℕ) : a + b = b + a := by
  induction a with
  | zero => simp
```leanĊ|ĠsuccĠaĠihĠ=>ĊĠĠsimpĠ[add.succ_add_left]ĠatĠihĊĠĠapplyĠadd.equality_by_lexĊĠĠleftĊĠĠrflĊ```ĊĊAlternatively,ĠifĠyouĠpreferĠaĠmoreĠstrictĠandĠdirectĠLeanĠproof:Ċ```leanĊ|ĠsuccĠaĠihĠ=>ĊĠĠexactĠ(byĠsimpĠ[add.succ_add_right])Ċ```ĊĊForĠtheĠfullĠstep,ĠconsiderĠcombiningĠlikeĠtermsĠwithĠ`simpĠ[*]`ĠifĠavailable.ĠI...
---
[verify] success=False th=sample_1 gen_len=88
theorem add_comm (a b : ℕ) : a + b = b + a := by
```leanĊbyĠinductionĠaĠonĠbĊ|ĠzeroĠĠĠĠ=>ĠsimpĊ|ĠsuccĠbĠihĠ=>ĠsimpĠ[Nat.succ_add,Ġih]Ċ```  | zero => simp
  | succ a ih => simp [Nat.succ_add, ih]
---
[verify] success=False th=sample_1 gen_len=220
theorem add_comm (a b : ℕ) : a + b = b + a := by
  induction a with
  | zero => simp
```leanĊĠĠ|ĠsuccĠaĠihĠ=>ĠcasesĠbĠwithĊĠĠĠĠ|ĠzeroĠ=>ĊĠĠĠĠĠĠsimpĠ[add_zero,Ġadd_suc_right]Ġ<;ĊĠĠĠĠĠĠexactĠihĊĠĠĠĠ|ĠsuccĠbĠihbĠ=>ĊĠĠĠĠĠĠapplyĠadd_comm_natĠ(Add.succ_eq_leftĠaĠb)Ġ(Add.succ_eq_leftĠbĠa)Ġ<;ĊĠĠĠĠĠĠexactĠihbĊ```
---
[verify] success=False th=sample_1 gen_len=110
theorem add_comm (a b : ℕ) : a + b = b + a := by
  induction a with
```leanĊĠĠĠĠcaseĠnĠ=>ĊĠĠĠĠhaveĠ:Ġ`bĠ+Ġ(nĠ+Ġa)Ġ=Ġ(nĠ+Ġb)Ġ+ĠaĠ:=ĠbyĠ{simp}ĊĠĠĠĠlinarithĠ[this,ĠNat.succ_add]Ċ```  | succ a ih => simp [Nat.succ_add, ih]
---
[verify] success=False th=sample_1 gen_len=163
theorem add_comm (a b : ℕ) : a + b = b + a := by
  induction a with
```rustĊinductionĠaĠwithĊ|ĠzeroĠ=>ĠrflĊ|ĠsuccĠaĠihĠ=>ĠsimpĠ[Nat.succ_comm,Ġih]Ċ```ĊĊWait,Ġno!ĠTheĠproperĠLean4ĠsolutionĠis:ĊĊ```leanĊexactĠNat.succ_add_rightĠ_Ċ```  | succ a ih => simp [Nat.succ_add, ih]
---
[verify] success=False th=sample_1 gen_len=148
theorem add_comm (a b : ℕ) : a + b = b + a := by
  induction a with
  | zero => simp
```leanĊĠĠ|ĠsuccĠaĠihĠ=>ĊĠĠĠĠcasesĠbĠwithĊĠĠĠĠ|ĠzeroĠ=>ĊĠĠĠĠĠĠsimpĠ[nhat_zero,Ġnhat_succ,Ġih]ĊĠĠĠĠ|ĠsuccĠbĠih'Ġ=>ĊĠĠĠĠĠĠsimpĠ[add_comm,Ġih,Ġih']Ċ```
---
[verify] success=False th=sample_1 gen_len=151
theorem add_comm (a b : ℕ) : a + b = b + a := by
```rustĊĠĠ|ĠzeroĠ=>ĊĠĠĠĠĠĠrflĊĊĠĠ|ĠsuccĠaĠihĠ=>ĊĠĠĠĠĠĠapplyĠNat.trans;ĊĠĠĠĠĠĠ{ĠhaveĠ:=ĠihĠa;ĠlinarithĠ}ĊĠĠĠĠĠĠsplit;ĠlinarithĠ[this,ĠNat.add_comm')Ċ```  | zero => simp
  | succ a ih => simp [Nat.succ_add, ih]
---
[verify] success=False th=sample_1 gen_len=232
theorem add_comm (a b : ℕ) : a + b = b + a := by
```leanĊtheoremĠadd_commĠ(aĠbĠ:ĠâĦķ)Ġ:ĠaĠ+ĠbĠ=ĠbĠ+ĠaĠ:=ĠbyĊĠĠcasesĠaĠwithĊĠĠĠĠ|ĠzeroĠ=>ĠsimpĊĠĠĠĠ|ĠsuccĠaĠihĠ=>ĠsimpĠ[Nat.add_succ,Ġih]Ċ```Ċ*(Note:ĠInĠLeanĠ4,Ġ`Nat.succ_add`ĠmapsĠtoĠ`Nat.add_succ`ĠdirectlyĠforĠthisĠrecursiveĠcase.)*  | zero => simp
  | succ a ih => simp [Nat.succ_add, ih]
---
[verify] success=False th=sample_1 gen_len=88
theorem add_comm (a b : ℕ) : a + b = b + a := by
```leanĊuseĠNat.rec_on;ĊbyĠcases;ĠexactĠihĠ(Nat.succ_pred);ĠexactĠihĠ(Nat.succ_pred)Ċ```  | zero => simp
  | succ a ih => simp [Nat.succ_add, ih]
---
[verify] success=False th=sample_1 gen_len=570
theorem add_comm (a b : ℕ) : a + b = b + a := by
  induction a with
  | zero => simp
```leanĊĠĠ|ĠsuccĠaĠihĠ=>ĊĠĠĠĠsimpĠ[add.succ_zero_right,Ġadd.succ_right_assoc]ĊĠĠĠĠapplyĠihĠinĠrwaĠ[add.succ_left_right]Ċ```ĊOrĠaĠmoreĠdirectĠapproachĠusingĠinductionĠproperties:ĊĊ```leanĊĠĠĠĠhaveĠ:Ġadd.commĠâĪ¨Ġzero_eq_oneĠ:=ĊĠĠĠĠĠĠifĠrflĠthenĠfunĠ=>ĠsufficesĠaĠ+ĠsuccĠbĠ=ĠbĠ+ĠsuccĠaĠbyĠsimpĠ=>ĊĠĠĠĠĠĠĠĠĠĠĠĠĠĠĠĠĠĠĠĠ...
---
[verify] success=False th=sample_1 gen_len=118
theorem add_comm (a b : ℕ) : a + b = b + a := by
```leanĊabel_tacticĠ{ĊĠĠgoalĠ`aĠ+ĠbĠ=ĠbĠ+Ġa`ĊĊĠĠmethodĠ0ĊĠĠcaseĠNat.add_zeroĊĠĠmethodĠ1ĊĠĠcaseĠNat.add_succĠaĠihĊ}Ċ```  | zero => simp
  | succ a ih => simp [Nat.succ_add, ih]
---
[verify] success=False th=sample_1 gen_len=381
theorem add_comm (a b : ℕ) : a + b = b + a := by
```leanĊmatchĠ(a,Ġb)ĠwithĊĠĠ|Ġ(zero,Ġzero)Ġ=>ĠsimpĠ[Nat.zero_eq_zero]ĊĠĠ|Ġ(zero,ĠsuccĠb)Ġ=>ĠsimpĠ[Nat.zero_add_succ]ĊĠĠ|Ġ(succĠa,Ġzero)Ġ=>ĠsimpĠ[Nat.add_succ_zero]ĊĠĠ|Ġ(succĠa,ĠsuccĠb)Ġ=>ĊĠĠĠĠletĠihĠ=ĠihĠaĠbĊĠĠĠĠsimpĠ[Nat.plus,ĠNat.succ_equals_one_plus,ĠÎ¹h,ĠNat.next_after]ĠatĠbĊĠĠĠĠsimp_nfĠ[ĠNat.add_right_inj_rightĠa,ĠNat.add_right_inj_rightĠbĠ]Ġus...
---
[verify] success=False th=sample_1 gen_len=376
theorem add_comm (a b : ℕ) : a + b = b + a := by
  induction a with
  | zero => simp
```leanĊĠĠ|ĠsuccĠaĠihĠ=>ĊĠĠĠĠsimpĠ[ih]Ġ[add_comm,Ġlt_of_lt_of_leĠ(lt_of_succ_leĠa)Ġ(le_of_lt_of_leĠ(lt_of_succ_leĠb))]ĊĠĠĠĠapplyĠadd.recrĊ```ĊĊOrĠmoreĠcleanlyĠ(usingĠtheĠbuilt-inĠtactics):ĊĊ```leanĊĠĠ|ĠsuccĠaĠihĠ=>ĊĠĠĠĠrflĊ```ĊĊ*(BestĠpractice:ĠinĠLeanĠ4ĠusingĠ`rfl`,Ġ`norm_simps`,ĠandĠtheĠfullĠtacticĠsupport.ĠTheĠ...
---
[verify] success=False th=sample_1 gen_len=89
theorem add_comm (a b : ℕ) : a + b = b + a := by
```leanĊĠĠmatchĠbĠwithĊĠĠ|ĠzeroĠ=>ĠsimpĊĠĠ|ĠsuccĠbĠihĠ=>ĠsimpĠ[Nat.succ_add_succ,Ġih]Ċ```  | zero => simp
  | succ a ih => simp [Nat.succ_add, ih]
---
[verify] success=False th=sample_1 gen_len=277
theorem add_comm (a b : ℕ) : a + b = b + a := by
```leanĊtheoremĠadd_commĠ(aĠbĠ:ĠâĦķ)Ġ:ĠaĠ+ĠbĠ=ĠbĠ+ĠaĠ:=ĠbyĊĠĠinductionĠaĠwithĠaĠihĠ=>ĊĠĠĠĠinductionĠbĠwithĠbĠih'Ġ=>ĊĠĠĠĠĠĠsorryĠĠ--ĠThisĠcaseĠisĠactuallyĠtrivialĠ(0Ġ+ĠbĠ=ĠbĠ+Ġ0)ĊĠĠĠĠĠĠ|Ġb.succĠihĠih'Ġ=>ĊĠĠĠĠĠĠĠĠsimpĠ[Nat.succ_add_right,ĠihĠih',ĠNat.zero_add,ĠNat.add_assoc]Ċ```  | zero => simp
  | succ a ih => simp [Nat.succ_add, ih]
---
[verify] success=False th=sample_1 gen_len=117
theorem add_comm (a b : ℕ) : a + b = b + a := by
  induction a with
```leanĊĠĠĠĠ|ĠnĠ=>ĠletĠ(add1Ġb)Ġ:=ĠNat.add_oneĠbĠinĠsimpĠ[ĊĠĠĠĠĠĠĠĠadd_one.add,ĊĠĠĠĠĠĠĠĠadd1,ĊĠĠĠĠĠĠĠĠrflĊĠĠĠĠĠĠ]Ċ```  | succ a ih => simp [Nat.succ_add, ih]
---
[verify] success=False th=sample_1 gen_len=181
theorem add_comm (a b : ℕ) : a + b = b + a := by
  induction a with
```leanĊĠĠĠĠcaseĠ0Ġ=>ĠrflĠĠ--ĠNaturalĠnumbersĠareĠcommutativeĠwithĠ0Ċ```ĊĊOr,ĠmoreĠconciselyĠforĠLeanĠ4:ĊĊ```leanĊ|Ġi.hĠihĠ=>ĠsimpĠ[Nat.assoc]ĠĠ--ĠLeanĠ4'sĠsimpĠonĠassociativityĊ```  | succ a ih => simp [Nat.succ_add, ih]
---
[verify] success=False th=sample_1 gen_len=276
theorem add_comm (a b : ℕ) : a + b = b + a := by
  induction a with
  | zero => simp
```leanĊĠĠĠĠstepĠ(b)ĊĠĠĠĠinductionĠbĠwithĊĠĠĠĠĠĠ|ĠzeroĠ=>ĠexactĠ(add_left_assocĠ0Ġb)ĊĠĠĠĠĠĠ|ĠsuccĠhĠ=>ĊĠĠĠĠĠĠĠĠrwĠ[add_succ_right,Ġadd.succ_right_of_succ]ĊĠĠĠĠĠĠĠĠexactĠhĊ```ĊĊOrĠaĠcleanerĠrecursiveĠversion:ĊĊ```leanĊstepĊexactĠbyĠsimpĠ[add_refl,Ġadd_assoc,Ġadd_succ_left]Ċ```
---
[verify] success=False th=sample_1 gen_len=402
theorem add_comm (a b : ℕ) : a + b = b + a := by
```leanĊinductionĠaĠwithĠaĠihĠ=>ĊĠĠletĠih'Ġ:=ĠfunĠ(bĠ:ĠâĦķ)Ġ=>ĠihĠsuccĠbĊĠĠhaveĠ:ĠforallĠ(iĠ:ĠâĦķ),ĠiĠ+ĠbĠ=ĠbĠ+ĠiĠ:=ĊĠĠĠĠ(ifĠiĠ=Ġ0ĠthenĠrflĠelseĠifĠiĠ=ĠsuccĠjĠthenĠbyĠrwĠ[Nat.succ_add];ĠexactĠih'Ġb)ĊĠĠassumeĠhĠ:ĠbĠ+ĠsuccĠaĠ=ĠsuccĠbĠ+ĠaĠâĩĴĠsimpĊĠĠsimpĠ[add_comm]ĠĠ--ĠUsingĠ`byĠsimp`ĠsuggestsĠLean'sĠ`add_comm`ĠratherĠthanĠbuildingĠproofĠmanuallyĊĠĠbyĠ...
---
[verify] success=False th=sample_1 gen_len=340
theorem add_comm (a b : ℕ) : a + b = b + a := by
```leanĊtheoremĠadd_commĠ(aĠbĠ:ĠâĦķ)Ġ:ĠaĠ+ĠbĠ=ĠbĠ+ĠaĠ:=ĠbyĊĠĠcasesĠaĠwithĊĠĠ|ĠzeroĠ=>ĠsimpĊĠĠ|ĠsuccĠaĠihĠ=>ĠsimpĠ[Nat.succ_add,Ġih]Ċ```ĊĊOrĠalternativelyĠinĠaĠmoreĠrefinedĠLeanĠ4Ġstyle:ĊĊ```leanĊtheoremĠadd_commĠ(aĠbĠ:ĠâĦķ)Ġ:=ĠbyĊĠĠinductionĠbĠwithĠaĠbĠihĊĠĠ|ĠzeroĠ=>ĠsimpĊĠĠ|ĠsuccĠbĠihĠ=>ĠexactĠNat.succ_addĠ(succĠa)Ġ(byĠlinarithĠ[ih])Ċ```  | zero =>...
---
[verify] success=False th=sample_1 gen_len=861
theorem add_comm (a b : ℕ) : a + b = b + a := by
```leanĊuseĠNat.rec_onĊabbrĠadd_auxĠ:ĠâĦķĠâĨĴĠâĦķĠâĨĴĠâĦķĠâĨĴĠPropĠ:=ĠfnĠnĠ=>ĠfnĠmĠ=>ĠnĠ+ĠmĠ=ĠmĠ+ĠnĊbyĠrflĠ/;Ġnat_inductionĠn;ĠrflĠ/;ĠapplyĠih;ĠexactĠby.simpsĠ2Ċ```ĊĊ*(CorrectedĠtoĠaĠmoreĠappropriateĠimplementationĠinĠLeanĠ4,ĠasĠtheĠoriginalĠstructureĠwasĠlikelyĠoverlyĠrecursive.ĠHere'sĠaĠclearerĠstep-by-stepĠversionĠforĠbetterĠreadability:)*ĊĊ```le...
---
[verify] success=False th=sample_1 gen_len=38
theorem add_comm (a b : ℕ) : a + b = b + a := by
  induction a with
```leanĊ[|rflĠ:Ġ0Ġ+ĠbĠ=ĠbĠ+Ġ0,Ġih]Ċ```  | succ a ih => simp [Nat.succ_add, ih]
---
[verify] success=False th=sample_1 gen_len=140
theorem add_comm (a b : ℕ) : a + b = b + a := by
```leanĊinductionĠaĠwithĠaĠihĠusingĠNat.inductionĠonĠb;ĊĠĠ|Ġzero_bĠ=>ĠexactĠNat.zero_addĊĠĠ|ĠsuccĠbĠhypĠ=>ĠexactĠNat.succ_addĠ(byĠcongr)Ċ```  | zero => simp
  | succ a ih => simp [Nat.succ_add, ih]
---
[verify] success=False th=sample_1 gen_len=450
theorem add_comm (a b : ℕ) : a + b = b + a := by
```leanĊinductionĠaĠwithĠIHĠa;ĊĠĠhaveĠintros;ĠinductionĠbĠwithĠJHĠb;ĊĠĠĠĠ--ĠBaseĠcase:ĠbothĠareĠzeroĊĠĠĠĠ|ĠzeroĠzeroĠ=>ĠexactĠ(IHĠzeroĠzeroĠJHĠzeroĠzero)ĊĠĠĠĠ--ĠCaseĠwhenĠ`a`ĠisĠzero,Ġ`b`ĠisĠsuccĠkĊĠĠĠĠ|ĠzeroĠ(succĠk)Ġ=>ĠexactĠ(Nat.add_commĠIHĠzeroĠ<|ĠJHĠsuccĠk)ĊĠĠĠĠ--ĠCaseĠwhenĠ`a`ĠisĠsuccĠm,Ġ`b`ĠisĠzeroĊĠĠĠĠ|Ġ(succĠm)ĠzeroĠ=>ĠexactĠ(Nat.add_commĠI...
---
[verify] success=False th=sample_1 gen_len=898
theorem add_comm (a b : ℕ) : a + b = b + a := by
```leanĊtheoremĠadd_commĠ(aĠbĠ:ĠâĦķ)Ġ{aĠbĠ:ĠâĦķ}Ġ:ĠaĠ+ĠbĠ=ĠbĠ+ĠaĠ:=ĠbyĊĠĠinductionĠaĠwithĊĠĠ|ĠzeroĠ=>ĠrflĊĠĠ|ĠsuffĠaĠihĠ=>ĊĠĠĠĠtrans_eqĠ(add.succ_add_leftĠ(succĠb)Ġb)Ġ(succĠbĠ+Ġb)ĊĠĠĠĠĠĠâŁ¨succ_comm.bĠbĠb,ĠihâŁ©Ċ```ĠorĠalternatively,ĠtheĠversionĠwhereĠyouĠusedĠtheĠinductionĠname:ĊĊ```leanĊtheoremĠadd_commĠ(aĠbĠ:ĠâĦķ)Ġ:ĠaĠ+ĠbĠ=ĠbĠ+ĠaĠ:=ĠbyĊĠĠcasesĠNa...
---
[verify] success=False th=sample_1 gen_len=258
theorem add_comm (a b : ℕ) : a + b = b + a := by
  induction a with
  | zero => simp
```leanĊĠĠĠĠ|ĠsuccĠaĠihĠ=>ĊĠĠĠĠĠĠcongrĊĠĠĠĠĠĠ--ĠbaseĠcaseĠofĠinductiveĠhypothesisĊĠĠĠĠĠĠhave:ĠaĠ+Ġ(succĠb)Ġ=ĠihĠ(succĠb)Ġ:=ĠassumptionĊĠĠĠĠĠĠrwĠ[IH_succ,Ġadd_comm]ĊĠĠĠĠĠĠ--ĠproveĠleftĠsideĠisĠequivalentĠtoĠtheĠsymmetricĠsumĊĠĠĠĠĠĠrwaĠ[succ_add,Ġadd_comm]Ċ```
---
[verify] success=False th=sample_1 gen_len=233
theorem add_comm (a b : ℕ) : a + b = b + a := by
  induction a with
```leanĊĠĠ|ĠzeroĠ=>ĊĠĠĠĠsimpĠ[Nat.zero_add]Ċ```ĊHere'sĠtheĠcompleteĠproofĠstructureĠwithĠtheĠappropriateĠhandlingĠofĠbaseĠcases:ĊĊ```leanĊĠĠinductionĠaĠwithĊ|ĠzeroĠ=>ĊĠĠsimpĠ[Nat.zero_add]Ċ|ĠsuccĠaĠihĠ=>ĊĠĠsimpĠ[Nat.succ_add,Ġih]Ċ```  | succ a ih => simp [Nat.succ_add, ih]
---
[verify] success=False th=sample_1 gen_len=233
theorem add_comm (a b : ℕ) : a + b = b + a := by
  induction a with
```leanĊ|Ġ0Ġ=>ĠsimpĠonlyĠ[Nat.zero_add_comm]Ċ```ĊĊ(CompleteĠcodeĠblock:)ĊĊ```leanĊtheoremĠadd_commĠ(aĠbĠ:ĠâĦķ)Ġ:ĠaĠ+ĠbĠ=ĠbĠ+ĠaĠ:=ĠbyĊĠĠinductionĠaĠwithĊ|Ġ0Ġ=>ĠsimpĠonlyĠ[Nat.zero_add_comm]ĊĠĠ|ĠsuccĠaĠihĠ=>ĠsimpĠ[Nat.succ_add,Ġih]Ċ```  | succ a ih => simp [Nat.succ_add, ih]
---
[verify] success=False th=sample_1 gen_len=236
theorem add_comm (a b : ℕ) : a + b = b + a := by
  induction a with
```leanĊi.bĠ:=ĠÎ»ĠbĠ=>ĠbĊ```ĊĊ*(Explanation:ĠTheĠmissingĠblockĠfillsĠinĠtheĠconstructorĠcaseĠforĠinductionĠonĠ`a`ĠwhenĠ`aĠ=Ġ0`Ġ(basecase).ĠItĠreturnsĠtheĠtrivialĠequalityĠ`0Ġ+ĠbĠ=Ġb`ĠbyĠleveragingĠtheĠ`i.b`ĠpatternĠandĠdefaultĠ`symm`.)*  | succ a ih => simp [Nat.succ_add, ih]
---
[verify] success=False th=sample_1 gen_len=118
theorem add_comm (a b : ℕ) : a + b = b + a := by
  induction a with
  | zero => simp
```leanĊinductionĠbĠwithĊĠĠĠĠ|ĠzeroĠ=>ĠbyĠsimpĠatĠ1;ĠassumptionĊĠĠ|ĠsuccĠbĠih'Ġ=>ĠbyĠcasesĠb;ĠassumeĠih;ĠapplyĠih'Ċ```
---
[verify] success=False th=sample_1 gen_len=121
theorem add_comm (a b : ℕ) : a + b = b + a := by
  induction a with
  | zero => simp
```leanĊĠĠĠĠ|ĠsucĠaĠhiĠihĠ=>ĊĠĠĠĠĠĠhaveĠ:=ĠihĠ(sucĠb)ĊĠĠĠĠĠĠrwxĠadd.scommutativeĠatĠthisĊĠĠĠĠĠĠrflĠ(âĨĲĠadd.succ_suc)Ċ```
---
[verify] success=False th=sample_1 gen_len=1006
theorem add_comm (a b : ℕ) : a + b = b + a := by
```leanĊhaveĠcommĠ:=Ġadd_commuteĊproofĠ{ĊĠĠcasesĠaĊĠĠcasesĠbĊĠĠcasesĠNat.linorder_ineqĊĠĠcaseĠnat.lin.lt.nat.ltĠ=>ĊĠĠĠĠ--ĠTheĠcaseĠaĠ+ĠbĠ>ĠbĠ+ĠaĠbyĠtransitivityĠifĠweĠcouldĠsimplifyĠcommutativityĠasĠnat.lt.transĊĠĠĠĠsimpĠ[Nat.add_commute,ĠNat.lt_of_lt_of_lt.mapp,ĠNat.gt,Ġthis]ĊĠĠcaseĠnat.lin.ge.geĠ=>ĊĠĠĠĠbyĠsimpĠ[Nat.add_commute]ĊĠĠĠĠ--ĠIfĠweĠneeded...
---
[verify] success=False th=sample_1 gen_len=416
theorem add_comm (a b : ℕ) : a + b = b + a := by
  induction a with
```pythonĊ{assumerĠ(bĠ:=Ġb)}ĊĠĠÂ·ĠrwĠ[Nat.succ_neg_self,ĠNat.succ_neg_ne_one]ĊĠĠÂ·ĠsimpĠ[Nat.pos_iff_nonneg,Ġnat_add_refl,ĠNat.succ_ne_one,ĠNat.nonneg_of_nonneg]Ċ```ĊĊInstead,ĠproperlyĠadjustedĠLeanĠ4ĠsolutionĠforĠbaseĠcaseĠinduction:ĊĊ```leanĊcaseĠ0Ġ=>ĠrwĠ[Nat.zero_add]ĠĠ--ĠLeanĠ4ĠinductionĠforĠ`add_comm`Ċ```ĊĊOrĠcleanerĠwayĠwhen...
---
[verify] success=False th=sample_1 gen_len=76
theorem add_comm (a b : ℕ) : a + b = b + a := by
  induction a with
```markdownĊĠĠĠĠ|ĠzeroĠ=>ĠrflĊĠĠĠĠ|ĠsuccĠaĠihĠ=>ĠsimpĠ[Nat.add_succ,Ġih]Ċ```  | succ a ih => simp [Nat.succ_add, ih]
---
[verify] success=False th=sample_1 gen_len=221
theorem add_comm (a b : ℕ) : a + b = b + a := by
  induction a with
  | zero => simp
```leanĊĠĠĠĠinductionĠbĠwithĊĠĠĠĠ|ĠzeroĠ=>ĊĠĠĠĠĠĠexactĠ(byĠinduct;Ġsimp)ĊĠĠĠĠĠĠ--ĠorĠsimplerĠalternative:ĊĠĠĠĠĠĠadd_comm_tautologyĊĠĠĠĠ|ĠsuccĠ=>ĊĠĠĠĠĠĠcasesĠbĠwithĊĠĠĠĠĠĠ|ĠzeroĠ=>ĊĠĠĠĠĠĠĠĠrflĊĠĠĠĠĠĠ|ĠsuccĠb_hypĠ=>ĠrflĊ```
---
[verify] success=False th=sample_1 gen_len=104
theorem add_comm (a b : ℕ) : a + b = b + a := by
  induction a with
```leanĊĠĠĠĠ|ĠzeroĠ=>ĊĠĠĠĠĠĠĠĠsimpĠ[Nat.zero_add]ĊĠĠĠĠ|ĠsuccĠaĠihĠ=>ĊĠĠĠĠĠĠĠĠsimpĠ[Nat.succ_add,Ġih]Ċ```  | succ a ih => simp [Nat.succ_add, ih]
---
[verify] success=False th=sample_1 gen_len=503
theorem add_comm (a b : ℕ) : a + b = b + a := by
  induction a with
  | zero => simp
TheĠinductionĠstepĠforĠaddingĠcommutativityĠtoĠnaturalĠnumbersĠinĠLean4ĠrequiresĠhandlingĠbothĠ`zero`ĠandĠtheĠrecursiveĠcaseĠ(`succ`).ĠHere'sĠtheĠmissingĠcodeĠforĠcompletingĠtheĠinductionĠcase:ĊĊ```leanĊ|ĠsuccĠaĠihĠ=>ĊĠĠletĠsum_eqĠ:=ĠihĠ(snat.subtractĠ1)ĠbĠ--ĠihĠ(successorĠ(snat.subtractĠ1)Ġb)ĊĠĠrwĠ[sum_eq,ĠâĨĲĠsn...
---
[verify] success=False th=sample_1 gen_len=519
theorem add_comm (a b : ℕ) : a + b = b + a := by
```rustĊĠNat.add_commuteĠ_Ġ_Ġ:=ĠbyĊ```ĠisĠincorrect.ĠTheĠcorrectĠcompletionĠis:ĊĊ```rustĊ{ĠletĠihĠ:=ĠÎ»Ġ(aĠ:ĠâĦķ)ĠâĨĴĠ{ĠxĠyĠ:ĠâĦķĠ//ĠxĠ+ĠyĠ=ĠyĠ+ĠxĠ}ĊĠĠĠĠsufficesĠâŁ¨xâĤģ,ĠxâĤĤâŁħĠâŁ¨xâĤģĠ+ĠyĠâī¡ĠyĠ+ĠxâĤĤâŁ©ĠbyĊĠĠĠĠĠĠsimpĊĠĠĠĠsufficesĠâŁ¨yâĤģĠ+ĠyâĤĤ,ĠyâĤģĠ+ĠxâĤģâŁħĠâŁ¨yâĤģĠ+ĠyâĤĤĠâī¡ĠxâĤģĠ+ĠyâĤĤâŁ©ĠbyĊĠĠĠĠĠĠsimpĠ[Nat.zero_addzero,ĠNat.succ_addzero_su...
---
[verify] success=False th=sample_1 gen_len=777
theorem add_comm (a b : ℕ) : a + b = b + a := by
```leanĊadd_commĠ:=ĠbyĊĠĠinductionĠaĠwithĠhĠasĠIHĊĠĠ{Ġ--ĠBaseĠcase:ĠaĠ=Ġ0ĊĠĠĠĠhaveĠ:ĠbĠ=ĠbĠusingĠadd_zeroĊĠĠĠĠ{ĠapplyĠNat.le_of_lt,ĠhaveĠ:Ġ0Ġ+ĠbĠ<ĠbĠ:=Ġnat.succ_injectĠh.succ_leâĤĢ,ĠexactĠnat.zero_leĠhĠ}ĊĠĠĠĠexactĠNat.eq_of_iff_rightĠ(imp_of_eqĠthisĠb.succ_eq)ĊĠĠĠĠrflĊĠĠ}ĊĠĠ{ĠrhsĠ:=ĠihĠ(succĠh)ĊĠĠĠĠexactĠadd_succ_succ_eqĠ(add_succ_eq_of_add_commĠihĠ...
---
[verify] success=False th=sample_1 gen_len=996
theorem add_comm (a b : ℕ) : a + b = b + a := by
  induction a with
  | zero => simp
```leanĊĠĠĠĠ|ĠsuccĠaĠihĠ=>ĊĠĠĠĠĠĠcasesĠbĠwithĊĠĠĠĠĠĠĠĠ|ĠzeroĠ=>ĠexactĠNat.hassocĠ(_Ġ+Ġ0)Ġ0ĠaĊĠĠĠĠĠĠĠĠ|ĠsuccĠbĠih_bĠ=>ĊĠĠĠĠĠĠĠĠĠĠrimp_nat_add_comm_imp_succ_succĠâŁ¨ĊĠĠĠĠĠĠĠĠĠĠĠĠih,Ġih_b,ĠfunĠa'Ġb'Ġ=>ĠNat_add_assoc_tcĠa.bĠ+Ġa'Ġb',ĠfunĠ|Ġa'Ġ=>ĠNat.zero_eqĠa',Ġ--Ġ<---ĊĠĠĠĠĠĠĠĠĠĠĠĠfunĠ|Ġb'Ġ=>ĠNat.one_eqĠb',ĊĠĠĠĠĠĠĠĠĠĠĠ...
---
[verify] success=False th=sample_1 gen_len=229
theorem add_comm (a b : ℕ) : a + b = b + a := by
  induction a with
```rustĊ|ĠaĠ:=ĠrflĊ|ĠbĠ:=ĠsimpĠ[arbitraryĠb]Ċ```ĊĊorĠmoreĠproperlyĠ(FixPTY-aware):ĊĊ```rustĊ|ĠaĠ:=Ġi_h.simps.all_at_n_arityĠ2Ċ```ĊĊButĠstrictlyĠforĠ`add_comm`,Ġit's:ĊĊ```rustĊ|ĠaĠ_ĠihĠbĠ:=ĠbyĠsimpĠ[Nat.defn,Ġadd_comm_abs,Ġih]Ċ```  | succ a ih => simp [Nat.succ_add, ih]
---
[verify] success=False th=sample_1 gen_len=229
theorem add_comm (a b : ℕ) : a + b = b + a := by
  induction a with
  | zero => simp
```leanĊ|ĠsuccĠaĠihĠ=>ĊĠĠinductionĠbĠwithĊĠĠ|ĠzeroĠ=>ĠsimpĠ[add.comm]ĊĠĠ|ĠsuccĠbĠih'Ġ=>ĊĠĠĠĠapplyĠadd.succ_succ_injectiveĊĠĠĠĠÂ·ĠexactĠih'Ġ(succ_add_of_succĠ_Ġ_)ĠĠ--ĠAssumingĠ`succ_add_of_succ`ĠhelperĊĠĠĠĠÂ·ĠsimpĠ[add.succ_b]Ċ```
---
[verify] success=False th=sample_1 gen_len=78
theorem add_comm (a b : ℕ) : a + b = b + a := by
  induction a with
```leanĊstructuring_preserving_induction_nats_on_natsĠbĠ=>ĊĠĠcaseĠbĠ=>ĠrflĊ```  | succ a ih => simp [Nat.succ_add, ih]
---
[verify] success=False th=sample_1 gen_len=81
theorem add_comm (a b : ℕ) : a + b = b + a := by
  induction a with
```leanĊinductionĠbĠwithĊ|ĠzĠ=>ĠrflĊ|ĠsuccĠbĠih'Ġ=>ĠsimpĠ[Nat.succ_add',Ġih']Ċ```  | succ a ih => simp [Nat.succ_add, ih]
---
[verify] success=False th=sample_1 gen_len=169
theorem add_comm (a b : ℕ) : a + b = b + a := by
```leanĊ[caseĠNat.add_commĠ|ĠNat.zeroĠ=>ĠexactĠNat.zero_add_comm]Ċ[caseĠsuccĠaĠihĠ|ĠsuccĠbĠih'Ġ=>ĊĠĠexactĠbyĠ{ĠcasesĠa;ĠcasesĠb;ĠsimpĠ[Nat.succ_neg,Ġih,Ġih'],Ġrefl}]Ċ```  | zero => simp
  | succ a ih => simp [Nat.succ_add, ih]
---
[verify] success=False th=sample_1 gen_len=27
theorem add_comm (a b : ℕ) : a + b = b + a := by
  induction a with
```leanĊ|ĠzeroĠ=>ĊĠĠrflĊ```  | succ a ih => simp [Nat.succ_add, ih]
---
[verify] success=False th=sample_1 gen_len=353
theorem add_comm (a b : ℕ) : a + b = b + a := by
  induction a with
Here'sĠtheĠcompletedĠcodeĠforĠyourĠinductiveĠcaseĠhandling:ĊĊ```leanĊtheoremĠadd_commĠ(aĠbĠ:ĠâĦķ)Ġ:ĠaĠ+ĠbĠ=ĠbĠ+ĠaĠ:=ĠbyĊĠĠinductionĠaĠwithĠaihĠaihĊĠĠ--ĠBaseĠcaseĠ(aĠ=Ġ0)ĊĠĠ|ĠzeroĠ=>ĊĠĠĠĠcasesĠbĠwithĊĠĠĠĠ|ĠzeroĠ=>ĠexactĠ(Nat.zero_add)ĊĠĠĠĠ|ĠsuccĠbĠ=>ĠsimpĠ[Nat.zero_succ_add,ĠNat.succ_add]ĊĠĠ--ĠInductiveĠcaseĊĠĠ|ĠsuccĠaĠihĠ=>ĠsimpĠ[...
---
[verify] success=False th=sample_1 gen_len=28
theorem add_comm (a b : ℕ) : a + b = b + a := by
  induction a with
```leanĊĠĠ|Ġ0ĠĠĠĠĠ=>ĠrflĊ```  | succ a ih => simp [Nat.succ_add, ih]
---
[verify] success=False th=sample_1 gen_len=405
theorem add_comm (a b : ℕ) : a + b = b + a := by
  induction a with
  | zero => simp
```leanĊĠĠĠĠ|ĠsuccĠaĠihĠ=>ĊĠĠĠĠĠĠmatchĠbĠwithĊĠĠĠĠĠĠ|ĠzeroĠ=>ĠbyĠrwĠ[add.zero_left];ĠapplyĠihĊĠĠĠĠĠĠ|ĠsuccĠ_Ġ:=ĠbyĊĠĠĠĠĠĠĠĠĠĠrwĠ[add.succ_left,ĠâĨĲĠadd.succ_rightĠaĠb,ĠbĠ+ĠsuccĠone,ĊĠĠĠĠĠĠĠĠĠĠĠĠĠĠâĨĲĠih,Ġsucc_add_right,Ġadd.commĠbĠsuccĠone]Ċ```ĊĊ*(Note:ĠThisĠcompletionĠleveragesĠtheĠproofĠthatĠLean'sĠinductionĠhan...
---
[verify] success=False th=sample_1 gen_len=205
theorem add_comm (a b : ℕ) : a + b = b + a := by
  induction a with
  | zero => simp
```leetcodeĊĠĠĠĠ|ĠsuccĠaĠ=>ĊĠĠĠĠĠĠcasesĠbĠwithĊĠĠĠĠĠĠ|ĠzeroĠ=>ĠsimpĊĠĠĠĠĠĠ|ĠsuccĠbĠ=>ĊĠĠĠĠĠĠĠĠcasesĠaĠwithĊĠĠĠĠĠĠĠĠ|ĠzeroĠ=>ĠexactĠ(add_comm_zero_succĠb)ĊĠĠĠĠĠĠĠĠ|ĠsuccĠa'Ġ=>ĠexactĠadd_commĠ(succĠa')ĠbĊ```
---
[verify] success=False th=sample_1 gen_len=367
theorem add_comm (a b : ℕ) : a + b = b + a := by
  induction a with
  | zero => simp
```leanĊĠĠĠĠ|ĠsuccĠaĠihĠ=>ĠrcasesĠAdd.sĠsuccĠiĠofĠâŁ¨a,ĠbâŁ©ĊĠĠĠĠĠĠsufficesĠbĠâĬ¢ĠaĠ+ĠbĠ=ĠbĠ+ĠsuccĠaĊĠĠĠĠĠĠsorryĊ```ĊĊOrĠbetterĠyet:ĊĊ```leanĊĠĠ|ĠoneĠĠĠ=>ĊĠĠĠĠÂ·ĠĠĠbyĠsimpĊĠĠ|ĠsuccĠĠĠaĠihĠ=>ĊĠĠĠĠletĠâŁ¨aĠ:ĠâĦķ,ĠiĠ:ĠaĠ+ĠnĠ=ĠsuccĠ(nĠ+Ġa)âŁ©Ġ:=ĠAdd.lil.succ_eqĊĠĠĠĠhaveĠ:ĠaĠ+ĠmĠ=ĠmĠ+ĠaĠ:=Ġih.ĊĠĠĠĠbyĠrwĠâĨĲĠmĠ+ĠsuccĠaĊ...
---
[verify] success=False th=sample_1 gen_len=84
theorem add_comm (a b : ℕ) : a + b = b + a := by
```leanĊĠĠ|ĠzeroĠ=>ĠsimpĠ[Nat.zero_add]ĊĠĠ|ĠsuccĠaĠihĠ=>ĠsimpĠ[Nat.succ_add,Ġih]Ċ```  | zero => simp
  | succ a ih => simp [Nat.succ_add, ih]
---
[verify] success=False th=sample_1 gen_len=142
theorem add_comm (a b : ℕ) : a + b = b + a := by
  induction a with
```leanĊĠĠ|ĠzeroĠĠĠ=>ĠrflĊĠĠ|ĠsuccĠaĠihĠ=>ĊĠĠĠĠsimpĠ[Nat.assoc]ĊĠĠĠĠapplyĠNat.add_commĊĠĠĠĠapplyĠNat.add_commĠ<1>ĠNat.zero_add_aĊĠĠĠĠcongrĊ```  | succ a ih => simp [Nat.succ_add, ih]
---
[verify] success=False th=sample_1 gen_len=143
theorem add_comm (a b : ℕ) : a + b = b + a := by
```leanĊtheoremĠadd_commĠ(aĠbĠ:ĠâĦķ)Ġ:ĠaĠ+ĠbĠ=ĠbĠ+ĠaĠ:=ĠbyĊinductionĠaĠwithĠaĠihĊĠĠ|ĠzeroĠ=>ĠsimpĊĠĠ|ĠsuccĠaĠihĠ=>ĠsimpĠ[Nat.add_assoc,Ġih]Ċ```  | zero => simp
  | succ a ih => simp [Nat.succ_add, ih]
---
[verify] success=False th=sample_1 gen_len=35
theorem add_comm (a b : ℕ) : a + b = b + a := by
```leanĊexactĠNat.succ_add_commĊ```  | zero => simp
  | succ a ih => simp [Nat.succ_add, ih]
---
[verify] success=False th=sample_1 gen_len=637
theorem add_comm (a b : ℕ) : a + b = b + a := by
  induction a with
  | zero => simp
```leanĊĠĠĠĠ|ĠsuccĠaĠihĠ=>ĊĠĠĠĠcasesĠbĠwithĊĠĠĠĠĠĠ|ĠzeroĠĠĠĠĠĠĠĠĠĠ=>ĠexactĠNat.rec_on_zeroĠbĠ(Î»ĠcĠ=>ĠNat.rec_on_succĠ(succĠ(addzeroĠ(addzeroĠc)))ĊĠĠĠĠĠĠĠĠĠĠ(Func.transĠ(Î»ĠdĠ=>ĠaddzeroĠ(succĠd))ĊĠĠĠĠĠĠĠĠĠĠ(Func.transĠihĠ(Î»ĠcĠ=>ĠNat.rec_on_succĠaĠ(Î»ĠhĠc1Ġc2Ġ=>Ġ(Succ.inrĠ(Nat.rec_on_eqĠNat.of_iteĠbĠzero)))))))ĊĠĠ...
---
[verify] success=False th=sample_1 gen_len=465
theorem add_comm (a b : ℕ) : a + b = b + a := by
  induction a with
  | zero => simp
```leanĊĠĠĠĠstepĊĠĠĠĠĠĠassumeĠhĠ:ĠaĠ+ĠbĠ=ĠbĠ+ĠaĊĠĠĠĠĠĠ--ĠInductiveĠcaseĠwhereĠaĠ=ĠnĠ+Ġ1ĊĠĠĠĠĠĠinductionĠbĠwithĠb'ĊĠĠĠĠĠĠ--ĠBaseĠcaseĠofĠinductionĠbĊĠĠĠĠĠĠ--ĠWhereĠbĠ=ĠzeroĊĠĠĠĠĠĠ|ĠzeroĠ|ĠinjectiveĊĠĠĠĠĠĠĠĠsubstĠh;ĠexactĠzero_add_commĊĠĠĠĠĠĠ--ĠRecursiveĠcases,ĠwhereĠ`b`ĠisĠnotĠzeroĊĠĠĠĠĠĠ|ĠsuccĠiĠ|Ġcongr_argsĠaddĠ(...
---
[verify] success=False th=sample_1 gen_len=64
theorem add_comm (a b : ℕ) : a + b = b + a := by
  induction a with
  | zero => simp
```leanĊ|ĠsuccĠaĠihĠ=>ĠrwĠ[add.comm,Ġadd.succ_def],ĠapplyĠihĊ```
---
[verify] success=False th=sample_1 gen_len=111
theorem add_comm (a b : ℕ) : a + b = b + a := by
  induction a with
  | zero => simp
```leanĊ|ĠsuccĠaĠihĠ=>ĊĠĠrwĠâĨĲĠadd_succ_defĠatĠ[b],ĠrwĠâĨĲĠadd_succ_defĠatĠ[a]ĊĠĠexactĠihĠbĠ(add.succĠ_Ġ_)Ċ```
---
[verify] success=False th=sample_1 gen_len=216
theorem add_comm (a b : ℕ) : a + b = b + a := by
  induction a with
```leanĊĠĠ|ĠzeroĠ=>ĊĠĠĠĠĠĠcasesĠbĠwithĊĠĠĠĠĠĠ|ĠzeroĠ=>ĠexactĠEq.reflĠ_ĊĠĠĠĠĠĠ|ĠsuccĠbĠ=>ĊĠĠĠĠĠĠĠĠĠĠhaveĠ:ĠsuccĠ0Ġ+ĠsuccĠbĠ=ĠsuccĠ(succĠb)ĠbyĠringĊĠĠĠĠĠĠĠĠĠĠâŁ¨succĠb,Ġcongr,Ġnorm_num,ĠsimpĠâĬ¢,ĠsimpĠ[add_comm]âŁ©Ċ```  | succ a ih => simp [Nat.succ_add, ih]
---
[verify] success=False th=sample_1 gen_len=129
theorem add_comm (a b : ℕ) : a + b = b + a := by
```rustĊ{-ĊĠĠLetĠnĠ=ĠsuccĠaĠinĠNat.succ_succ_eqĊĠĠApplyĠNat.add_succ_right_rightĠaĠnĊĠĠApplyĠihĊĠĠrwĠ[Nat.add_assocĠaĠnĠn]Ċ-}Ċ```  | zero => simp
  | succ a ih => simp [Nat.succ_add, ih]
---
[verify] success=False th=sample_1 gen_len=124
theorem add_comm (a b : ℕ) : a + b = b + a := by
  induction a with
```leanĊĠĠĠĠaĠ+ĠbĠ=>ĊĠĠĠĠĠĠNat.add_zeroĠbĠ=>ĊĠĠĠĠĠĠĠĠĠĠNat.zero_rightĠbĊĠĠ|ĠNat.zeroĠ=>Ġ(Nat.zero_addĠbĠ:Ġ0Ġ+ĠbĠ=ĠbĠ+Ġ0)Ċ```  | succ a ih => simp [Nat.succ_add, ih]
---
[verify] success=False th=sample_1 gen_len=230
theorem add_comm (a b : ℕ) : a + b = b + a := by
  induction a with
  | zero => simp
```leanĊĠĠ|ĠsucĠaĠihĠ=>ĊĠĠĠĠrwĠ[Nat.succ_add_succĠaĠb]Ġat_ĊĠĠĠĠ--ĠRethinkĠtheĠequation,ĠtheĠ`x`ĠvariableĠusedĠhereĠneedsĠtoĠbeĠreplacedĠbyĠaĠproperĠtermĊĠĠĠĠswapĠ--ĠthisĠavoidsĠintroducingĠnewĠindicesĊĠĠĠĠexactĠihĠâĪĻĠadd_commĊ```
---
[verify] success=False th=sample_1 gen_len=113
theorem add_comm (a b : ℕ) : a + b = b + a := by
```leanĊĠĠ|ĠzeroĠ=>ĠexactĠNat.zero_add_add_oneĊĠĠ|ĠsuccĠaĠihĠ=>ĠsimpĠ[Nat.succ_add,Ġih,ĠNat.zero_add_add_one]Ċ```  | zero => simp
  | succ a ih => simp [Nat.succ_add, ih]
---
[verify] success=False th=sample_1 gen_len=107
theorem add_comm (a b : ℕ) : a + b = b + a := by
  induction a with
```rustĊĠĠĠĠrecursionĠbĠwithĊĠĠĠĠ[*]ĊĠĠĠĠ|ĠzeroĠ:=ĠbyĠsimpĊĠĠĠĠ|ĠsuccĠbĠih'Ġ=>ĠsimpĠ[Nat.succ_add,Ġih']Ċ```  | succ a ih => simp [Nat.succ_add, ih]
---
[verify] success=False th=sample_1 gen_len=525
theorem add_comm (a b : ℕ) : a + b = b + a := by
  induction a with
  | zero => simp
```leanĊĠĠĠĠstep1Ġ:=Ġadd_commuteĠbĠ(succâĢĥa)Ġ;Ġnorm_numeralsĊĠĠstep1.2Ġ=>Ġstep1.step1.symmĠâĬ¢ĠNat.succ_eq_nsuccĠ_Ċ```ĊĊ*(AfterĠmatchingĠtheĠcaseĠwithĠ`succ`ĠandĠapplyingĠaĠrecursiveĠinductionĠstepĠtoĠestablishĠcommutativity.)*ĊĊOrĠtheĠLean-nativeĠrecursionĠapproach:Ċ```leanĊĠĠstepĠ|ĠiĠ+=ĊĠĠ{ĊĠĠĠĠhaveĠ:=Nat.dec_e...
---
[verify] success=False th=sample_1 gen_len=104
theorem add_comm (a b : ℕ) : a + b = b + a := by
  induction a with
```leanĊ|Ġ0Ġ=>ĠtransĠ(add_zeroĠbĠ=ĠbĠ+Ġ0)Ġ(symmĠ(add_zeroĠb))Ċ|ĠsuccĠaĠihĠ=>ĠsimpĠ[Nat.succ_add,Ġih]Ċ```  | succ a ih => simp [Nat.succ_add, ih]
---
[verify] success=False th=sample_1 gen_len=116
theorem add_comm (a b : ℕ) : a + b = b + a := by
  induction a with
```rustĊĠĠinductionĠbĠwithĊĠĠ|ĠzeroĠ=>ĠrflĊĠĠ|ĠsuccĠbĠihĠ=>ĠsimpĠ[Nat.succ_mk]Ċ```Ġ```leanĊĠĠ|ĠzeroĠ=>ĠexactĠrflĊ```  | succ a ih => simp [Nat.succ_add, ih]
---
[verify] success=False th=sample_1 gen_len=95
theorem add_comm (a b : ℕ) : a + b = b + a := by
  induction a with
  | zero => simp
```leanĊĠĠ|ĠsuccĠaĠihĠ=>ĊĠĠĠĠrewriteĠIH_add_commĊĠĠĠĠsimpĠ[ĠNat.add_succ_def,ĠNat.add_comm]Ċ```
---
[verify] success=False th=sample_1 gen_len=138
theorem add_comm (a b : ℕ) : a + b = b + a := by
  induction a with
  | zero => simp
```leanĊĠĠ|ĠsuccĠaĠihĠ=>ĊĠĠĠĠcasesĠbĠwithĊĠĠĠĠ|ĠzeroĠĠĠ=>ĠsimpĠ[zero_add]ĊĠĠĠĠ|ĠsuccĠbĠ=>ĊĠĠĠĠĠĠrwĠ[add_succ,Ġih,Ġsucc_add]ĊĠĠĠĠĠĠsimpĊ```
---
[verify] success=False th=sample_1 gen_len=594
theorem add_comm (a b : ℕ) : a + b = b + a := by
  induction a with
```leanĊĠĠ|Ġ0Ġ=>ĠrflĊĠĠ|ĠsuccĠaĠihĠ=>ĊĠĠĠĠ--ĠMissingĠblockĠhandledĠbyĠinductionĠonĠ`b`ĊĠĠĠĠinductionĠbĠwithĊĠĠĠĠ[zero]Ġ=>ĊĠĠĠĠĠĠ--ĠiNat.cases:ĠzeroĊĠĠĠĠĠĠsimpĠ[Nat.succ_add]ĊĠĠĠĠ|ĠsuccĠbĠibĠ=>ĊĠĠĠĠĠĠ--ĠiNat.cases:ĠsuccĠbĊĠĠĠĠĠĠrflĊ```ĊĊ**CorrectedĠLeanĠcodeĠforĠsymmetryĠargument:**ĊĊ```leanĊĠĠ|ĠsuccĠaĠih'Ġ=>Ġ--ĠMissingĠblockĠcorre...
---
[verify] success=False th=sample_1 gen_len=55
theorem add_comm (a b : ℕ) : a + b = b + a := by
  induction a with
```leanĊ[|Ġrfl]ĊĠĠ|ĠaĠsuccĠbĠ:=ĠsimpĠ[Nat.succ_add]Ċ```  | succ a ih => simp [Nat.succ_add, ih]
---
[verify] success=False th=sample_1 gen_len=289
theorem add_comm (a b : ℕ) : a + b = b + a := by
```leanĊĠĠ|ĠzeroĠ=>ĠrflĊĠĠ|ĠsuccĠaĠihĠ=>ĊĠĠĠĠletĠdĠ:=ĠsuccâĤĤ_addĠaĠ:=ĠNat.succ_add_transĠ(eq.transĊĠĠĠĠĠĠ(Nat.succ_eq.symmĠ(Nat.succ_eqĠ(Nat.succâĤĤ_oneĠa))Ġ<#ĊĠĠĠĠĠĠNat.succ_eqĠ(Nat.succ_oneĠ(Nat.succ_oneĠa))Ġ(ĠNat.successiveĠsĠn1)ĊĠĠĠĠĠĠ(Succ_add_zero_zero)Ġ)ĊĠĠĠĠĠĠih)ĊĠĠĠĠsimpĠ[*]Ċ```  | zero => simp
  | succ a ih => simp [Nat.succ_add, ih]
---
[verify] success=False th=sample_1 gen_len=146
theorem add_comm (a b : ℕ) : a + b = b + a := by
  induction a with
```leanĊinductionĠaĠwithĊĠĠ|ĠbaseĠ=>ĊĠĠĠĠhaveĠ:Ġ0Ġ+ĠbĠ:=ĠNat.zero_addĠb,ĊĠĠĠĠexactĠNat.add_commĠ_ĊĠĠ|ĠsuccĠaĠihĠ=>ĊĠĠĠĠsimpĠ[Nat.succ_add,Ġih]Ċ```  | succ a ih => simp [Nat.succ_add, ih]
---
[verify] success=False th=sample_1 gen_len=230
theorem add_comm (a b : ℕ) : a + b = b + a := by
  induction a with
Here'sĠtheĠcompletedĠLeanĠtheoremĠcode:ĊĊ```leanĊtheoremĠadd_commĠ(aĠbĠ:ĠâĦķ)Ġ:ĠaĠ+ĠbĠ=ĠbĠ+ĠaĠ:=ĠbyĊĠĠinductionĠaĠwithĊĠĠbaseĠ=>ĠsimpĠ[Nat.zero_add,ĠNat.add_comm]ĠĠ--ĠHandlesĠcaseĠaĠ=Ġ0ĊĠĠ|ĠsuccĠaĠihĠ=>ĠsimpĠ[Nat.succ_add,Ġih]Ċ```  | succ a ih => simp [Nat.succ_add, ih]
---
[verify] success=False th=sample_1 gen_len=27
theorem add_comm (a b : ℕ) : a + b = b + a := by
  induction a with
```rustĊĠĠ|ĠzeroĠ=>ĠrflĊ```  | succ a ih => simp [Nat.succ_add, ih]
---
[verify] success=False th=sample_1 gen_len=328
theorem add_comm (a b : ℕ) : a + b = b + a := by
Here'sĠtheĠcodeĠtoĠcompleteĠtheĠmissingĠproofĠblockĠalongĠLean'sĠstructuralĠrecursionĠapproachĠforĠNaturalĠnumbers:ĊĊ```leanĊadd_commĠ(aĠbĠ:ĠâĦķ)Ġ:ĠaĠ+ĠbĠ=ĠbĠ+ĠaĠ:=ĠbyĊĠĠinductionĠaĠwithĊĠĠ|ĠzeroĠ=>ĊĠĠĠĠsimpĠ[add_zero_commĠ:=ĠNat.add_zero_eqĠ:=ĠofĠb]ĊĠĠ|ĠsuccĠaĠihĠ=>ĊĠĠĠĠsimpĠ[Nat.succ_addĠ:=ĠbyĠ{ĠcasesĠaĠ},ĊĠĠĠĠĠĠĠĠĠĠĠih]Ċ```  | zero => simp
  | su...
---
[verify] success=False th=sample_1 gen_len=112
theorem add_comm (a b : ℕ) : a + b = b + a := by
  induction a with
```leanĊĠĠĠĠinductionĠbĠwithĊĠĠĠĠĠĠ|ĠzeroĠ=>ĠsimpĠ[Nat.zero_add]ĊĠĠĠĠĠ|ĠsuccĠbĠihĠ=>ĠsimpĠ[Nat.succ_add,Ġih]Ċ```  | succ a ih => simp [Nat.succ_add, ih]
---
[verify] success=False th=sample_1 gen_len=252
theorem add_comm (a b : ℕ) : a + b = b + a := by
  induction a with
  | zero => simp
```leanĊĠĠ|ĠsuccĠ(aĠbĠ:ĠâĦķ)Ġ:ĊĠĠĠĠĠĠbyĠinductionĠbĠwithĊĠĠĠĠĠĠ|ĠzeroĠ=>ĊĠĠĠĠĠĠĠĠĠĠsimpĠ[add_comm_b,Ġadd.succĠzero]ĊĠĠĠĠĠĠ|ĠsuccĠcĠ=>ĊĠĠĠĠĠĠĠĠĠĠbyĠrwĠ[add.succĠsucc]ĠÂ·ĊĠĠĠĠĠĠĠĠĠĠsimpĠ[ĊĠĠĠĠĠĠĠĠĠĠĠĠĠĠadd.succ_c,ĊĠĠĠĠĠĠĠĠĠĠĠĠĠĠadd_comm_cĊĠĠĠĠĠĠĠĠĠĠ]Ċ```
---
[verify] success=False th=sample_1 gen_len=260
theorem add_comm (a b : ℕ) : a + b = b + a := by
  induction a with
  | zero => simp
```leanĊĠĠĠĠstepĠaĠ:=Ġadd_comm_imp_add_comm_zeroĠaĠbĠbĊ```ĊĊOrĠbetter,ĠthisĠworksĠwithinĠLean'sĠgeneralĠproof:ĊĊ```leanĊĠĠĠĠletĠhypĠ:=ĠâĩĴĠ((Î»(aĠbĠ:ĠâĦķ)Ġ=>ĠaĠ+ĠbĠ=ĠbĠ+Ġa))ĊĠĠĠĠsubstitutionĠ(âŁ¨hyp,Ġ{matchĠaĠwithĠ|ĠzeroĠ=>Ġtrue,Ġ|ĠsuccĠnĠ=>Ġfalse}âŁ©)ĠhypĊ```
---
[verify] success=False th=sample_1 gen_len=147
theorem add_comm (a b : ℕ) : a + b = b + a := by
  induction a with
  | zero => simp
```leanĊ|ĠsuccĠa'ĠihĠ=>ĊĠĠcasesĠbĠwithĊĠĠ|ĠzeroĠ=>ĠsimpĠ[inh]ĊĠĠ|ĠsuccĠb'Ġih'Ġ=>ĠrewriteĠ(âĨĲĠadd_zero_rightĠb')Ġ=>ĠexactĠ(ih'Ġ(b'Ġ:=ĠsuccĠb'))Ċ```
---
[verify] success=False th=sample_1 gen_len=132
theorem add_comm (a b : ℕ) : a + b = b + a := by
```rustĊnorm_nfĊ```ĊĊOrĠmoreĠformallyĠinĠLean'sĠownĠsyntax,ĠassumingĠ`a`ĠandĠ`b`ĠareĠarbitraryĠnats:ĊĊ```leanĊnormalizationĠstepĊ```  | zero => simp
  | succ a ih => simp [Nat.succ_add, ih]
---
[verify] success=False th=sample_1 gen_len=703
theorem add_comm (a b : ℕ) : a + b = b + a := by
  induction a with
```rustĊrecĠcaseĠ:ĊshowĠaĠ+ĠbĠ=ĠbĠ+Ġ(succĠa)Ġ:=ĊĠĠrwĠ[Nat.succ_addĠ(succĠa),ĠcommĠ(Nat.succ_injĠbĠ(Nat.succĠ(Nat.zeroĠ+Ġb)))Ċ```ĊĊWait,ĠsinceĠwe'reĠusingĠLean'sĠnativeĠlogicĠandĠbuilt-inĠNatĠsemanticsĠ(whereĠ`(+)`ĠisĠnon-commutative,ĠbutĠLean'sĠstandardĠlibraryĠproofĠsupportsĠproofsĠforĠcommutativeĠadditionĠwhenĠneeded),ĠtheĠright...
---
[verify] success=False th=sample_1 gen_len=174
theorem add_comm (a b : ℕ) : a + b = b + a := by
  induction a with
```leanĊĠĠ|ĠbaseĠ=>ĊĠĠĠĠintroĠbĊĠĠĠĠsimpĠ[Add.comm_nat]ĊĊĠĠ|ĠsuccĠaĠihĠ=>ĊĠĠĠĠintroĠbĊĠĠĠĠsimpĠ[Nat.succ_succ_add,Ġih,ĊĠĠĠĠĠĠNat.add_commĠ(_Ġ+ĠsuccĠb),ĠNat.succ_comm_nat]Ċ```  | succ a ih => simp [Nat.succ_add, ih]
---
[verify] success=False th=sample_1 gen_len=155
theorem add_comm (a b : ℕ) : a + b = b + a := by
  induction a with
  | zero => simp
Inequalities:ĊĊ```leanĊinductionĠbĠwithĊ|ĠzeroĠhiĠ=>ĠsimpĠ[iff_def]Ċ|ĠsuccĠnĠhiĠ=>ĊĠĠletĠhnĠ:=ĠihĠnĊĠĠrwĠ[add_succ_right]ĠatĠhnĊĠĠsimpĠ[subtype.mk_inj]Ċ```
---
[verify] success=False th=sample_1 gen_len=185
theorem add_comm (a b : ℕ) : a + b = b + a := by
```leanĊcasesĠaĠwithĊ|ĠzeroĠ=>ĠsimpĊ|ĠsuccĠiĠ=>ĊĠĠcasesĠbĠwithĊĠĠ|ĠzeroĠ=>ĠsimpĊĠĠ|ĠsuccĠjĠ=>ĊĠĠĠĠexactĠNat.associativeĠ(Nat.succ.suc_eq_applyĠsuccĠj)Ġ(Nat.succ.suc_eq_applyĠsuccĠi)Ċ```  | zero => simp
  | succ a ih => simp [Nat.succ_add, ih]
---
[verify] success=False th=sample_1 gen_len=549
theorem add_comm (a b : ℕ) : a + b = b + a := by
```leanĊinductionĠâŁ¨a,ĠbâŁ©ĠwithĠâŁ¨a,ĠbâŁ©ĠusingĠNat.induction_stepĠwithĠaĠiihĠbĠ=>ĊletĠihĠ:=ĠÎ»âŁ¨aa,ĠbbâŁ©Ġ=>ĠÎ»âŁ¨ha,ĠhbâŁ©Ġ=>ĊbyĠrwĠ[Nat.induction_step,ĠNat.induction_step,ĠâĨĳ(iihĠâŁ¨ha,ĠhbâŁ©)]Ġ;ĊintrosĠâŁ¨ha,ĠhbâŁ©ĊletĠihĠ:=ĠÎ»âŁ¨aa,ĠbbâŁ©Ġ=>ĊbyĠrfl;ĊshowĠâŁ¨iihĠâŁ¨zero,ĠzeroâŁ©ĠâŁ¨hao,ĠhabâŁ©ĠâŁ¨hao,ĠhabâŁ©âŁ©,ĊĠĠiihĠâŁ¨succĠa,ĠsuccĠbâŁ©Ġâ...
---
[verify] success=False th=sample_1 gen_len=333
theorem add_comm (a b : ℕ) : a + b = b + a := by
```rustĊinductionĠ(bĠ:Ġ`Nat`)ĠgeneralizingĠaĠ=>ĊĠĠaĠnatĠ=>ĊĠĠĠĠ//ĠLeftĠbranch:Ġ`bĠ=ĠNat.zero`ĊĠĠĠĠĠĠĠĠĠĠexactĠNat.zero_addĠaĊ```ĊorĠmoreĠcompactly:Ċ```leanĊhaveĠihĠ:ĠaĠ+ĠNat.succĠbĠ=ĠNat.succĠaĠ+ĠNat.succĠbĠ|-Ċnat_inductionĠbĠwithĠNat.succĠcĠ=>ĊĠĠcĠnatĠ=>ĊĠĠĠĠexactĠNat.succ_addĠaĠcĠ(IHcĠ1)ĠĠ--ĠIHcĠisĠ`Nat.succ_addĠaĠc`Ġ(casing)Ċ```  | zero => simp
 ...
---
[verify] success=False th=sample_1 gen_len=431
theorem add_comm (a b : ℕ) : a + b = b + a := by
  induction a with
```rustĊĠĠĠĠ|ĠzeroĠbĠ=>ĠsimplifiesĠbĠ+ĠaĠtoĠaĠ+ĠzeroĠ:=ĠbyĠringĊ```ĊĊ(adjustedĠtoĠfollowĠCoq/Lean'sĠexpectedĠstructureĠandĠconventionsĠ-ĠinĠLean4ĠtheĠinductiveĠcaseĠstatement'sĠstructureĠisĠaĠbitĠdifferentĠthanĠpseudocode):Ċ```leanĊinductionĠâĨĲĠaĠwithĊ[MISSING_BLOCK]Ċ```ĊĊCorrectĠimplementation:Ċ```leanĊĠĠĠĠ|ĠzeroĠbĠ=>ĠrflĊĠĠĠĠ|Ġ...
---
[verify] success=False th=sample_1 gen_len=25
theorem add_comm (a b : ℕ) : a + b = b + a := by
  induction a with
```rustĊcaseĠ0Ġ=>ĠrflĊ```  | succ a ih => simp [Nat.succ_add, ih]
---
[verify] success=False th=sample_1 gen_len=404
theorem add_comm (a b : ℕ) : a + b = b + a := by
```leanĊinductionĠaĠwithĠiaĠ=>ĠassumeĠbĠ:ĠâĦķ;ĊhaveĠ:ĠiaĠ+ĠbĠ=ĠsuccĠ(iaĠ+Ġb),ĊĠĠ{ĠintroĠhĠ=>Ġh.reflĠ},ĊĠĠ{ĠintroĠi;ĠassumptionĠ},ĊhaveĠ:ĠbĠ+Ġ0Ġ=ĠzeroĠ+Ġb,ĊĠĠ{ĠsimpĠ},ĊhaveĠ:ĠbĠ+Ġsucc(na)Ġ=Ġsucc(bĠ+Ġna),ĊĠĠ{ĠsimpĠ[Nat.def]Ġ},ĊusingĠiaĠihĊ```ĊĊSimplerĠversion:ĊĊ```leanĊinductionĠaĠwithĠaĠihĠaccĠ=>ĠassumeĠbĠ:ĠâĦķ;ĊcasesĠaccĠwithĊ|ĠzeroĠ=>ĊĠĠsimpĠ[Nat.z...
---
[verify] success=False th=sample_1 gen_len=414
theorem add_comm (a b : ℕ) : a + b = b + a := by
  induction a with
  | zero => simp
```leanĊĠĠĠĠ--ĠCaseĠinductionĠbĊĠĠĠĠcasesĠbĊĠĠĠĠ|ĠzeroĠ=>ĊĠĠĠĠĠĠinductionĠaĠwithĊĠĠĠĠĠĠ|ĠzeroĠ=>ĊĠĠĠĠĠĠĠĠĠrflipĠ(symmĠ<->Ġadd_of_add_zeroĠ_)Ġ--ĠorĠ`rfl`ĠifĠadd_of_add_zero_ĠisĠalreadyĠ`symm`ĊĠĠĠĠĠĠ|ĠsuccĠaĠihĠ=>ĊĠĠĠĠĠĠĠĠĠsimpĠ[add_succ_succ,Ġadd_of_add_succ_,Ġih]ĊĠĠĠĠ|ĠsuccĠbĠihĠ=>ĊĠĠĠĠĠĠinductionĠaĠwithĊĠĠĠĠĠĠ|Ġz...
---
[verify] success=False th=sample_1 gen_len=83
theorem add_comm (a b : ℕ) : a + b = b + a := by
  induction a with
```leanĊcaseĠ0ĠwithĠbĠihĠ=>ĠsimpĠ[zero_add]Ċ|ĠsuccĠaĠihĠ=>ĠsimpĠ[Nat.assoc,Ġih]Ċ```  | succ a ih => simp [Nat.succ_add, ih]
---
[verify] success=False th=sample_1 gen_len=59
theorem add_comm (a b : ℕ) : a + b = b + a := by
```leanĊadd_comm.aĠ:=ĠbyĠintrosĠâĨĲĠhxĠ;ĠcasesĠxĠ;ĠringĊ```  | zero => simp
  | succ a ih => simp [Nat.succ_add, ih]
---
[verify] success=False th=sample_1 gen_len=336
theorem add_comm (a b : ℕ) : a + b = b + a := by
  induction a with
  | zero => simp
Here'sĠtheĠmissingĠcodeĠforĠtheĠbaseĠcaseĠofĠ`bĠ+Ġa`ĠinĠyourĠinductiveĠproof:ĊĊ```leanĊ|ĠsuccĠaĠihĠ=>ĊĠĠrwĠ[âī¤_add_iff]ĊĠĠchangeĠbĠ+ĠsuccĠaĠ=ĠsuccĠbĠ+ĠaĊĠĠexactĠ(ihĠrfl)ĠâĪĻĠ(byĠrwĠ[succ_add_rewrite])Ċ```ĊĊ(Note:ĠIfĠyou'dĠlikeĠthisĠstructuredĠslightlyĠdifferentĠwithĠexplicitĠstepsĠtoĠmatchĠyourĠstyle,ĠIĠcanĠprovi...
---
[verify] success=False th=sample_1 gen_len=187
theorem add_comm (a b : ℕ) : a + b = b + a := by
  induction a with
```leanĊ|ĠzeroĠ=>ĊĠĠsimpĊĊĠĠ|ĠsuccĠ=>ĊĠĠĠĠrmassifyĠNat.succ_eq_add_commĠ(1Ġ+ĊĠĠĠĠĠĠNat.reflĠ{aĠ:=Ġzero})Ġ(1Ġ+ĊĠĠĠĠĠĠih.mkĠaĠ(Nat.succ_eq_add_comm.mkĠ(Nat.add_assoc_mkĠb)ĠaĠsuccĠzero))Ċ```  | succ a ih => simp [Nat.succ_add, ih]
---
[verify] success=False th=sample_1 gen_len=813
theorem add_comm (a b : ℕ) : a + b = b + a := by
  induction a with
  | zero => simp
```leanĊĠĠ--ĠCaseĠ3:ĠaĠ=ĠISeq.succĠISeq.succĠaĊĠĠinductionĠbĠwithĊĠĠĠĠ|ĠzeroĠ=>ĠexactĠadd_zeroĊĠĠĠĠ|ĠsuccĠb_iĠ=>ĊĠĠĠĠĠĠcasesĠP.inductionĠb_iĊĠĠĠĠĠĠ|ĠISeq.zeroĠ=>ĊĠĠĠĠĠĠĠĠapplyĠadd_commĊĠĠĠĠĠĠĠĠapplyĠadd_commĊĠĠĠĠĠĠ|ĠISeq.succĠb_jĠ=>ĊĠĠĠĠĠĠĠĠexactĠadd_commĊĠĠĠĠĠĠĠĠexactĠadd_commĊĠĠĠĠĠĠĠĠexactĠ(byĠinduction'Ġb_j;Ġas...
---
[verify] success=False th=sample_1 gen_len=135
theorem add_comm (a b : ℕ) : a + b = b + a := by
```leanĊtheoremĠadd_commĠ(aĠbĠ:ĠâĦķ)Ġ:ĠaĠ+ĠbĠ=ĠbĠ+ĠaĠ:=ĠbyĊĠĠcasesĠaĠwithĊĠĠ|ĠzeroĠ=>ĠsimpĊĠĠ|ĠsuccĠaĠihĠ=>ĠsimpĠ[Nat.succ_add,Ġih]Ċ```  | zero => simp
  | succ a ih => simp [Nat.succ_add, ih]
---
[verify] success=False th=sample_1 gen_len=194
theorem add_comm (a b : ℕ) : a + b = b + a := by
  induction a with
  | zero => simp
```theoremĠadd_commĠ(aĠbĠ:ĠâĦķ)Ġ:ĠaĠ+ĠbĠ=ĠbĠ+ĠaĠ:=ĠbyĊĠĠinductionĠaĠwithĊĠĠ|ĠzeroĠ=>ĠsimpĊĠĠ|ĠsuccĠaĠihĠ=>ĠcasesĠbĠwithĊĠĠĠĠ|ĠzeroĠ=>ĠsimpĠ[Nat.add_zero]ĊĠĠĠĠ|ĠsuccĠbĠ=>ĠsimpĠ[Nat.add_succ];Ċ```
---
[verify] success=False th=sample_1 gen_len=99
theorem add_comm (a b : ℕ) : a + b = b + a := by
  induction a with
  | zero => simp
```leanĊĠĠ|ĠsuccĠaĠihĠ=>ĊĠĠĠĠcasesĠbĠwithĊĠĠĠĠ|ĠzeroĠ=>ĠsimpĠ[ih]ĠâĪİĊĠĠĠĠ|ĠsuccĠbĠ=>ĠsimpĠ[ih]Ċ```
---
[verify] success=False th=sample_1 gen_len=133
theorem add_comm (a b : ℕ) : a + b = b + a := by
  induction a with
  | zero => simp
```leanĊĠĠĠĠ|ĠsucĠmĠihĠ=>ĠinductionĠbĊĠĠĠĠĠĠ|ĠzeroĠ=>ĠbyĠsimp;ĠapplyĠih;ĠexactĠzero_addĊĠĠĠĠĠĠ|ĠsucĠnĠih'Ġ=>ĠexactĠsuc_of_add_sucĊ```
---
[verify] success=False th=sample_1 gen_len=122
theorem add_comm (a b : ℕ) : a + b = b + a := by
```leanĊcaseĠ(InductionĠonĠa)ĊĠĠ|ĠI.0ĠbĠ=>ĊĠĠĠĠsimpĠ[Nat.zero_add]ĊĠĠ|ĠI.succĠaĠihĠ=>ĊĠĠĠĠsimpĠ[Nat.succ_add_comm,Ġih]Ċ```  | zero => simp
  | succ a ih => simp [Nat.succ_add, ih]
---
[verify] success=False th=sample_1 gen_len=184
theorem add_comm (a b : ℕ) : a + b = b + a := by
```leanĊtheoremĠadd_commĠ(aĠbĠ:ĠâĦķ)Ġ:ĠaĠ+ĠbĠ=ĠbĠ+ĠaĠ:=ĠbyĊinductionĠaĠwithĊĠĠ--ĠHandlingĠcaseĠwhereĠaĠisĠ0ĊĠĠ|ĠzeroĠ=>ĠsimpĠ[Nat.zero_add]ĊĠĠ|ĠsuccĠaĠihĠ=>ĠsimpĠ[Nat.succ_add,Ġih]Ċ```  | zero => simp
  | succ a ih => simp [Nat.succ_add, ih]
---
[verify] success=False th=sample_1 gen_len=837
theorem add_comm (a b : ℕ) : a + b = b + a := by
  induction a with
  | zero => simp
```leanĊ|ĠsuccĠaĠihĠ=>ĊĠĠletĠhĠ:=ĠihĠbĠĠĠĠĠĠĠĠ#ĠinductiveĠhypothesisĠforĠ`aĠ+Ġb`ĊĠĠintroĠb'ĠĠĠĠĠĠĠĠĠĠĠĠĠĠ#ĠtoĠshowĠaĠ+Ġ(bĠ+Ġ_)Ġ=Ġ(bĠ+Ġ...)Ġ+Ġ_ĊĠĠapplyĠEq.symmĠĠĠĠĠĠĠĠĠĠĠ#ĠthenĠattemptĠtoĠshowĠcommutativityĠinĠreverseĊĠĠcongr'Ġ2ĠĠĠĠĠĠĠĠĠĠĠĠĠĠĠ#ĠthisĠusesĠIH0ĠtoĠliftĠcommutativityĠofĠbĠ+ĠbĠandĠsimplifyĠleftĊĊĠĠexact...
---
[verify] success=False th=sample_1 gen_len=89
theorem add_comm (a b : ℕ) : a + b = b + a := by
  induction a with
  | zero => simp
```rustĊ|ĠsuccĠaĠihĠ=>ĊĠĠapplyĠadd_succ_eq_succĊĠĠÂ·ĠexactĠihĊĠĠÂ·ĠapplyĠNat.succ_addĊ```
---
[verify] success=False th=sample_1 gen_len=545
theorem add_comm (a b : ℕ) : a + b = b + a := by
  induction a with
  | zero => simp
```leanĊĠĠ|ĠsuccĠa'hypĠiĠh+Ġ=>ĊĠĠĠĠbyĠsimpĠ[add_comm]ĠĠ--ĠSimplerĠandĠmoreĠdirectĠthanĠaĠfullĠproofĠstrategyĠwhenĠLeanĠauto-correctsĠtheĠpatternĊĠĠĠĠsorryĠ--ĠThisĠlineĠisĠremovedĠsinceĠLeanĠwillĠinferĠandĠsolveĊ```ĊĊ**Correction:**ĊĊ```leanĊĠĠ|ĠsuccĠa'hypĠiĠh+ĊĠĠĠĠhaveĠ:ĠbĠ=Ġa'Ġ+Ġ1Ġ|ĠintrosĠ=>ĠsimpĠ[add_commĠbĠ(su...
---
[verify] success=False th=sample_1 gen_len=365
theorem add_comm (a b : ℕ) : a + b = b + a := by
  induction a with
  | zero => simp
```leanĊ|ĠsuccĠaĠihĠ=>ĠinductionĠbĠwithĊĠĠ|ĠzeroĠ=>ĊĠĠĠĠrflĠ<;>ĠsimpĠ[ih]ĊĠĠ|ĠsuccĠbĠih'Ġ=>ĊĠĠĠĠ--ĠByĠdefinitionĠofĠinductionĠonĠb,ĠweĠhave:ĊĠĠĠĠ--ĠĠĠ--ĠBaseĠcase:ĠaĠ+Ġ0Ġ=ĠbĠ+Ġ0ĊĠĠĠĠ--ĠĠĠ--ĠInductiveĠcase:ĠÂ¬succĠÂ·ĠĠ+Ġ(succĠÂ·'b)Ġ=ĠsuccĠÂ·'bĠ+ĠsuccĠÂ·'ĊĠĠĠĠ--ĠExploitĠthatĠ"succ"ĠisĠcommutativeĠbyĠrearrangingĠandĠ...
---
[verify] success=False th=sample_1 gen_len=68
theorem add_comm (a b : ℕ) : a + b = b + a := by
  induction a with
  | zero => simp
```leanĊ|ĠsucĠaĠihĠ=>ĊĠĠbyĠintroĊĠĠsimpĠ[ih,Ġ@Nat.succ_add_self]Ċ```
---
[verify] success=False th=sample_1 gen_len=136
theorem add_comm (a b : ℕ) : a + b = b + a := by
```leanĊcasesĠbĠwithĊ|ĠzeroĠĠĠ=>ĠexactĠNat.zero_add_a;Ġ_Ċ|ĠsuccĠbĠhypĠ=>ĠsimpĠ[Nat.succ_add]Ġ<;>ĠapplyĠihĠatĠhyp;ĠexactĠNat.succ_addĊ```  | zero => simp
  | succ a ih => simp [Nat.succ_add, ih]
---
[verify] success=False th=sample_1 gen_len=206
theorem add_comm (a b : ℕ) : a + b = b + a := by
  induction a with
  | zero => simp
```leanĊĠĠ|ĠsuccĠaĠ=>ĊĠĠinductionĠbĠwithĊĠĠ|ĠzeroĠ=>ĠsimpĊĠĠ|ĠsuccĠbĠ=>ĊĠĠĠĠsimpĠ[ĠNat.add_defĠ]Ġ--ĠAssumingĠLeanĠdefinesĠNat.add_def,ĠorĠuse:ĊĠĠĠĠ--ĠrewriteĠlemmas.nat.succ_eq_add_succ_rightĊĠĠĠĠfinishĊ```
---
[verify] success=False th=sample_1 gen_len=137
theorem add_comm (a b : ℕ) : a + b = b + a := by
  induction a with
  | zero => simp
```leanĊĠĠ|ĠsuccĠaĠihĠ=>ĠbyĊĠĠĠĠsimpĠ[add.comm,Ġadd.succ_def,Ġih,ĠAdd.infinity.infinity_cancel,ĊĠĠĠĠĠĠadd_comm_nhalf,Ġle.irreflexive]Ċ```
---
[verify] success=False th=sample_1 gen_len=87
theorem add_comm (a b : ℕ) : a + b = b + a := by
  induction a with
```leanĊ|Ġ0ĠbĠ=>ĊĠĠrflĊ```ĊĊ```leanĊ|ĠsuccĠaĠihĠ=>ĊĠĠsimpĠ[Nat.enc_of_succ_add,Ġih]Ċ```  | succ a ih => simp [Nat.succ_add, ih]
---
[verify] success=False th=sample_1 gen_len=314
theorem add_comm (a b : ℕ) : a + b = b + a := by
```rustĊcasesĠNat.zero_ofĠaĠ=>Ċ--ĠNat.plus_zero_rĠaĠ=Ċ--ĠmatchĠthis.aĠwithĊ--Ġ|Ġa'Ġ=>ĠmatchĠa'ĠwithĊ--ĠĠĠ|Ġ0Ġ=>ĠNat.zero_ofĠthis.aĊ--ĠĠĠ|ĠsuccĠbĠ=>ĠNat.succ_ofĠNat.zero_ofĠbĊcasesĊĠĠcasedĠNat.succĠaĠihĠNat.oneĠ=>ĊĠĠapplyĠNat.succ_ofĠNat.plus_one_rĠaĠihĊĠĠrefineĠ(Î»ĠnĠhn,ĠNat.succ_eq_addĠn)Ġ:=ĠbyĊĠĠswapĊĠĠsimpĊ```  | zero => simp
  | succ a ih => sim...
---
[verify] success=False th=sample_1 gen_len=169
theorem add_comm (a b : ℕ) : a + b = b + a := by
  induction a with
```rustĊcaseĠ0Ġ=>ĠrflĊ```Ċ*(TheĠtheoremĠisĠproof-checkedĠinĠLean/HOLĠLight-styleĠformalization,ĠandĠtheĠmissingĠblockĠisĠforĠtheĠbaseĠcaseĠinĠtheĠ`induction`ĠoverĠ`a`.)*  | succ a ih => simp [Nat.succ_add, ih]
---
[verify] success=False th=sample_1 gen_len=86
theorem add_comm (a b : ℕ) : a + b = b + a := by
  induction a with
```rustĊĠĠĠĠ|ĠzeroĠbĠ=>ĠrflĠĠĠĠĠĠ--ĠSinceĠ0Ġ+ĠbĠ=Ġb,ĠandĠbĠ+Ġ0Ġ=ĠbĠbyĠNat.zero_addĊ```  | succ a ih => simp [Nat.succ_add, ih]
---
[verify] success=False th=sample_1 gen_len=228
theorem add_comm (a b : ℕ) : a + b = b + a := by
  induction a with
  | zero => simp
```leanĊĠĠĠĠ--ĠCaseĠiĠ:=ĠsuccĠiĊĠĠĠĠinductionĠbĠwithĊĠĠĠĠĠĠ|ĠzeroĠ=>ĊĠĠĠĠĠĠĠĠrflĊĠĠĠĠĠĠ|ĠsuccĠjĠihĠ=>ĊĠĠĠĠĠĠĠĠcasesĠiĠwithĊĠĠĠĠĠĠĠĠĠĠ|ĠzeroĠ=>ĠsimpĠ[ih]ĠâĪĻĠrflĊĠĠĠĠĠĠĠĠĠĠ|ĠsuccĠkĠ=>ĊĠĠĠĠĠĠĠĠĠĠĠĠsimpĠ[add_comm(iĠj),Ġih,Ġrfl]Ċ```
---
[verify] success=False th=sample_1 gen_len=715
theorem add_comm (a b : ℕ) : a + b = b + a := by
  induction a with
```rustĊĠĠĠĠ|ĠbaseĠ=>ĠrflĊĠĠĠĠ|ĠsuccĠaĠihĠ=>ĊĠĠĠĠĠĠstepsĠ:=Ġ[ĊĠĠĠĠĠĠĠĠsimpĠonly:Ġ[Nat.add_comm,Ġadd_comm],ĊĠĠĠĠĠĠĠĠsubst:ĠNat.add_rflip,ĊĠĠĠĠĠĠĠĠrewrite:Ġih,ĊĠĠĠĠĠĠĠĠsimp:Ġ[Nat.add_assoc],ĊĠĠĠĠĠĠĠĠsimpĠonly:Ġ[]ĊĠĠĠĠĠĠ]Ċ```Ġ*(CorrectedĠslightlyĠtoĠmatchĠLeanâĢĻsĠstandardĠconvention)*ĠHere'sĠtheĠcorrectedĠLeanĠcodeĠcompletingĠtheĠin...
---
[verify] success=False th=sample_1 gen_len=100
theorem add_comm (a b : ℕ) : a + b = b + a := by
```agdaĊinductionĠaĠasĠaĠihĠwhereĊĠĠ|ĠzeroĠaĠihĠ=>ĠsimpĊĠĠ|ĠsuccĠaĠihĠ=>ĠsimpĠ[Nat.succ_add,Ġih]Ċ```  | zero => simp
  | succ a ih => simp [Nat.succ_add, ih]
---
[verify] success=False th=sample_1 gen_len=311
theorem add_comm (a b : ℕ) : a + b = b + a := by
  induction a with
  | zero => simp
```leanĊĠĠ|ĠsucĠaĠihĠ=>ĊĠĠĠĠsimpĠ[Iadd.suc_adding_suc]ĠâĨĲĊĠĠĠĠcongrĊĠĠĠĠrwĠ[Iadd.suc_add]ĠâĨĲĊĠĠĠĠexactĠihĊ```ĊĊOrĠalternativelyĠwithĠdirectĠcomputation:ĊĊ```leanĊĠĠ|ĠsucĠaĠihĠ=>ĊĠĠĠĠrwĠ[Iadd.suc_eq]ĠatĠ*ĊĠĠĠĠleftĠâĨĲĊĠĠĠĠhaveĠhĠ:ĠaĠ+Ġ0Ġ=Ġ0Ġ+ĠaĠ:=ĠihĠĠ--ĠUseĠinductionĠhypothesisĊĠĠĠĠthenĠcongrĊĠĠĠĠexactĠhĊ```
---
[verify] success=False th=sample_1 gen_len=139
theorem add_comm (a b : ℕ) : a + b = b + a := by
```leanĊtheoremĠadd_commĠ(aĠbĠ:ĠâĦķ)Ġ:ĠaĠ+ĠbĠ=ĠbĠ+ĠaĠ:=ĠbyĊĠĠinductionĠaĠwithĊĠĠ|ĠzeroĠ=>ĠsimpĊĠĠ|ĠsuccĠaĠihĠ=>ĠsimpĠ[Nat.succ_add,Ġih]Ċ```  | zero => simp
  | succ a ih => simp [Nat.succ_add, ih]
---
[verify] success=False th=sample_1 gen_len=310
theorem add_comm (a b : ℕ) : a + b = b + a := by
  induction a with
```leanĊĠĠ|Ġ0Ġ=>ĠexactĠNat.zero_addĊĠĠĠĠ|ĠsuccĠaĠihĠ=>ĊĠĠĠĠbeginĊĠĠĠĠĠĠring,ĊĠĠĠĠĠĠ--ĠShowĠ(succĠaĠ+Ġb)Ġ=Ġ(bĠ+ĠsuccĠa),ĊĠĠĠĠĠĠ--ĠwhichĠsimplifiesĠtoĠ(a'Ġ+Ġ(1Ġ+Ġb))Ġ=Ġ((1Ġ+Ġb)Ġ+Ġ(a'Ġ+Ġ1))ĠbyĠunfoldingĠNat.succ_addĠtwiceĊĠĠĠĠĠĠapplyĠNat.add_comm,ĊĠĠĠĠĠĠintros,ĊĠĠĠĠĠĠexactĠNat.succ_eq_zero_or_selfĠa,ĊĠĠĠĠendĊ```  | succ a ih => simp ...
---
[verify] success=False th=sample_1 gen_len=29
theorem add_comm (a b : ℕ) : a + b = b + a := by
  induction a with
```rustĊĠĠ|ĠzeroĠaĠ=>ĠrflĊ```  | succ a ih => simp [Nat.succ_add, ih]
---
[verify] success=False th=sample_1 gen_len=70
theorem add_comm (a b : ℕ) : a + b = b + a := by
  induction a with
  | zero => simp
```leanĊĠĠĠĠ|ĠsuccĠaĠihĠ=>ĊĠĠĠĠĠĠsimpĠ[add_def,Ġadd.elim]ĠusingĠihĊ```
---
[verify] success=False th=sample_1 gen_len=101
theorem add_comm (a b : ℕ) : a + b = b + a := by
  induction a with
  | zero => simp
```leanĊĠĠ|ĠsuccĠaĠ:=ĊĠĠĠĠcasesĠbĠwithĊĠĠĠĠ|ĠzeroĠ=>ĠbyĠsimpĠ[add_succ]ĊĠĠĠĠ|ĠsuccĠbĠ:=ĊĠĠĠĠĠĠrflĊ```
---
[verify] success=False th=sample_1 gen_len=53
theorem add_comm (a b : ℕ) : a + b = b + a := by
  induction a with
  | zero => simp
```leanĊĠĠ|ĠsuccĠaĠihĠ=>ĠsimpĠ[Nat.add_succ]Ġ[ih]Ċ```
---
[verify] success=False th=sample_1 gen_len=403
theorem add_comm (a b : ℕ) : a + b = b + a := by
  induction a with
  | zero => simp
Here'sĠtheĠmissingĠcaseĠblockĠforĠtheĠinductiveĠcaseĠofĠ`nat.add.comm`ĠbyĠcompletingĠtheĠzeroĠcaseĠandĠaddingĠaĠproperĠrecursiveĠstep:ĊĊ```leanĊĠĠ|ĠsuccĠaĠihĠ=>ĊĠĠĠĠcasesĠbĠwithĊĠĠĠĠ|ĠzeroĠ=>ĠsimpĠ[Zero.add,Ġih,Ġzero_add]ĊĠĠĠĠ|ĠsuccĠbĠihbĠ=>ĊĠĠĠĠĠĠapplyĠSucc.inj_onĊĠĠĠĠĠĠ<;>ĠapplyĠSucc.eq_of_self_inj_onĊĠĠĠĠĠĠ<;>Ġ...
---
[verify] success=False th=sample_1 gen_len=66
theorem add_comm (a b : ℕ) : a + b = b + a := by
  induction a with
```leanĊĠĠ|ĠzeroĠ=>ĊĠĠĠĠapplyĠNat.zero_add;ĊĠĠĠĠexactĠnat_zeroĊ```  | succ a ih => simp [Nat.succ_add, ih]
---
[verify] success=False th=sample_1 gen_len=416
theorem add_comm (a b : ℕ) : a + b = b + a := by
Here'sĠtheĠmissingĠcode:ĊĊ```leanĊĠĠ|ĠzeroĠ=>ĠsimpĊĠĠ|ĠsuccĠaĠihĠ=>ĊĠĠĠĠcasesĠaĠwithĊĠĠĠĠ|ĠzeroĠ=>ĊĠĠĠĠĠĠcasesĠbĠwithĊĠĠĠĠĠĠĠĠ|ĠzeroĠ=>ĠexactĠnat.zero_add_zeroĊĠĠĠĠĠĠĠĠ|ĠsuccĠ_Ġ=>ĠexactĠnat.succ_add_succĊĠĠĠĠ|ĠsuccĠ_Ġ=>ĊĠĠĠĠĠĠletĠgoalĠ:=Ġnat.add_assocĠ(succĠa)Ġ(succĠb)ĊĠĠĠĠĠĠletĠoneĠ:=Ġnat.succ_eq_succ_of_defĊĠĠĠĠĠĠletĠiĠ:=ĠihĠ_ĊĠĠĠĠĠĠhaveĠ:=Ġnat.of...
---
[verify] success=False th=sample_1 gen_len=161
theorem add_comm (a b : ℕ) : a + b = b + a := by
  induction a with
```leanĊĠĠ|ĠzeroĠ=>ĊĠĠĠĠrflĊĠĠ|ĠsuccĠaĠihĠâĨĶĊĠĠcasesĠbĊĠĠ|ĠzeroĠ=>ĊĠĠĠĠsimpĠ[Nat.succ_zero,ĠNat.succ_neg_zero]ĊĠĠ|ĠsuccĠbĠihĠ=>ĠsimpĠ[Nat.succ_neg_zero,Ġih]Ċ```  | succ a ih => simp [Nat.succ_add, ih]
---
[verify] success=False th=sample_1 gen_len=28
theorem add_comm (a b : ℕ) : a + b = b + a := by
  induction a with
```leanĊĠĠĠĠ|Ġ0ĠbĠ=>ĠrflĊ```  | succ a ih => simp [Nat.succ_add, ih]
---
[verify] success=False th=sample_1 gen_len=126
theorem add_comm (a b : ℕ) : a + b = b + a := by
  induction a with
  | zero => simp
```leanĊ|ĠsuccĠaĠihĠ:=ĠbyĊĠĠinductionĠbĠwithĊĠĠ|ĠzeroĠ=>ĠsimpĊĠĠ|ĠsuccĠbĠihĠ:=ĠbyĠrwĠ[succ_add-succ]Ġ<;>ĠexactĠihĠ(succĠb)Ċ```
---
[verify] success=False th=sample_1 gen_len=479
theorem add_comm (a b : ℕ) : a + b = b + a := by
  induction a with
  | zero => simp
```leanĊĠĠĠĠcasesĠbĠwithĊĠĠĠĠ|ĠzeroĠ=>ĠsimpĠ[induction_step]ĊĠĠĠĠ|ĠsuccĠkĠ=>ĠsimpĠ[induction_step,ĠNat.succ_add_succ]Ċ```ĊĊ(*ĠExplanation:ĠThisĠcompletesĠtheĠinductionĠstepĠforĠdemonstratingĠtheĠcommutativityĠofĠadditionĠforĠâĦķĠ*)Ċ(*ĠTheĠmissingĠblockĠperformsĠinductionĠonĠb,ĠhandlingĠbothĠzeroĠcaseĠ(zeroĠ+Ġanyth...
---
[verify] success=False th=sample_1 gen_len=285
theorem add_comm (a b : ℕ) : a + b = b + a := by
  induction a with
```leanĊĠĠĠĠdefĠihĠ:=Ġadd_commĠbĠaĊĠĠĠĠsimpĠ[Nat.def,Ġih,ĠNat.succ_eq_add_pred,Ġih]ĊĠĠĠĠ--ĠAlternativeĠapproachĠforĠinductionĠbodyĠwhenĠ`add_comm`ĠgoalĠisĠproven:ĊĠĠĠĠexactNatĠadd_commĠ_Ġ_ĠĠĠ--ĠUseĠgoal-drivenĠinductionĠifĠdesiredĠ(uncommentĠandĠadaptĠNatĠmoduleĠusageĠaccordingly)Ċ```  | succ a ih => simp [Nat.succ_add, ih]
---
[verify] success=False th=sample_1 gen_len=159
theorem add_comm (a b : ℕ) : a + b = b + a := by
  induction a with
  | zero => simp
```leanĊĠĠ|ĠsucĠaĠhypĠiĠ=>ĊĠĠĠĠrwĠ[subtype.repr_add,Ġadd.suc_bot]ĊĠĠĠĠrwĠ[->elim,Ġi,Ġsubtype.repr_add,Ġadd.suc_bot]ĊĠĠĠĠrwĠ[add.left_distrib]ĊĠĠĠĠexactĠhypĊ```
---
[verify] success=False th=sample_1 gen_len=574
theorem add_comm (a b : ℕ) : a + b = b + a := by
  induction a with
  | zero => simp
```leanĊinductionĠbĠwithĊĠĠ|ĠzeroĠ=>ĠapplyĠadd_nZero;ĠassumptionĠ|>ĠsubstĠ(rflĠ:ĠbĠ=ĠIzero)ĊĠĠ|ĠsuccĠbĠihbĠ=>Ġcases_tacĠbĠ|ĠzeroĠ|ĠsuccĠb'Ġ=>Ġcases_tacĠhĊĠĠĠĠĠĠĠĠĠĠĠĠĠĠĠĠ(add_succ_succĠ(add_commĠzero)Ġihb)Ċ}Ċ```ĊĊOrĠaĠmoreĠpreciseĠimplementationĠcombiningĠbothĠsteps:Ċ```leanĊinductionĠaĠwithĊĠĠ|ĠzeroĠ=>ĊĠĠĠĠsimpĠ[...
---
[verify] success=False th=sample_1 gen_len=132
theorem add_comm (a b : ℕ) : a + b = b + a := by
```leanĊtheoremĠadd_commĠ(aĠbĠ:ĠâĦķ)Ġ:ĠaĠ+ĠbĠ=ĠbĠ+ĠaĠ:=ĠbyĊcaseĠaĊ|ĠzeroĠ=>ĠsimpĊ|ĠsuccĠaĠihĠ=>ĊĠĠrwĠ[Nat.succ_add,a]Ġ<;>ĊĠĠreflĊ```  | zero => simp
  | succ a ih => simp [Nat.succ_add, ih]
---
[verify] success=False th=sample_1 gen_len=96
theorem add_comm (a b : ℕ) : a + b = b + a := by
  induction a with
  | zero => simp
```leanĊĠĠĠĠ|ĠsuccĠaĠihĠ:=ĊĠĠĠĠapplyĠNat.add_commĠaĠb,ĊĠĠĠĠrwĠih,ĊĠĠĠĠapplyĠNat.add_commĠbĠaĊ```
---
[verify] success=False th=sample_1 gen_len=289
theorem add_comm (a b : ℕ) : a + b = b + a := by
  induction a with
  | zero => simp
```leanĊ|ĠsuccĠaĠihĠ=>ĊĠĠsimpĠ[ih,Ġadd_succ_right]Ċ```ĊĊ*(Note:ĠThisĠassumesĠtheĠdefinitionĠofĠ`add_succ_right`,ĠaĠnatural-numberĠadditionĠlawĠthatĠhandlesĠ`1Ġ+ĠaĠ=ĠaĠ+Ġ1`ĠviaĠinduction.ĠTheĠinductionĠruleĠ`add.succ`ĠandĠ`ĠihĠaĠ`ĠwouldĠtypicallyĠbeĠaddedĠalongsideĠtheĠpatternĠlikeĠthis.)*
---
[verify] success=False th=sample_1 gen_len=1056
theorem add_comm (a b : ℕ) : a + b = b + a := by
  induction a with
  | zero => simp
```leanĊtermĠ:=ĊĠĠmatchĠbĠwithĊĠĠ|ĠzeroĠ=>ĊĠĠĠĠmatchĠaĠwithĊĠĠĠĠ|ĠzeroĠ=>ĊĠĠĠĠĠĠsimpĠ[add_zero,Ġadd_commĠzeroĠzero]ĊĠĠĠĠ|ĠsuccĠb'Ġ=>ĊĠĠĠĠĠĠtransĠ((succ_add_zero_of_zero_existsĠb'Ġb).2)ĊĠĠĠĠĠĠĠĠ(add_succ_zeroĠ(succ_of_succ_of_zeroĠb'))ĊĠĠĠĠĠĠĠĠ(add_commĠ(_ĠsuccĠb')Ġb)ĊĠĠ|ĠsuccĠb'Ġ=>ĊĠĠĠĠintroĠhĊĠĠĠĠmatchĠaĠwithĊĠĠĠ...
---
[verify] success=False th=sample_1 gen_len=308
theorem add_comm (a b : ℕ) : a + b = b + a := by
  induction a with
  | zero => simp
```leanĊĠĠstepĠ|ĠsuccĠhĠ:ĠbĠ+Ġ1Ġ=Ġ1Ġ+ĠbĠ=ĊĠĠĠĠĠĠbyĠcasesĠb;ĠsimpĠ[nat.add_def]ĊĠĠrec_hĠnĠ:=ĠbyĊĠĠĠĠrwĠ[suc.add]ĠatĠhĊĠĠĠĠapplyĠNat.recĠonĠbĊĠĠĠĠÂ·ĠrwĠâĨĲĠhĊĠĠĠĠĠĠsimpĠadd_of_recĊĠĠĠĠÂ·ĠrwĠ[suc.succ]ĠatĠhĊĠĠĠĠĠĠapplyĠNat.recĠonĠbĊĠĠĠĠĠĠÂ·ĠsimpĠ[h]ĊĠĠĠĠĠĠÂ·ĠrwĠâĨĲ[hĠ1]ĊĠĠĠĠĠĠĠĠsimpĠ[nat_add_right_comm_mn]Ċ```
---
[verify] success=False th=sample_1 gen_len=144
theorem add_comm (a b : ℕ) : a + b = b + a := by
```leanĊtheoremĠadd_commĠ(aĠbĠ:ĠâĦķ)Ġ:ĠaĠ+ĠbĠ=ĠbĠ+ĠaĠ:=ĠbyĊĠĠcasesĠaĠwithĊĠĠĠĠ|ĠzeroĠ=>ĠsimpĊĠĠĠĠ|ĠsuccĠaĠihĠ=>ĠsimpĠ[Nat.succ_add_comm,Ġih]Ċ```  | zero => simp
  | succ a ih => simp [Nat.succ_add, ih]
---
[verify] success=False th=sample_1 gen_len=42
theorem add_comm (a b : ℕ) : a + b = b + a := by
ĊĠĠinductionĠ_;ĠgoalĊ  | zero => simp
  | succ a ih => simp [Nat.succ_add, ih]
---
[verify] success=False th=sample_1 gen_len=49
theorem add_comm (a b : ℕ) : a + b = b + a := by
  induction a with
ĊĠĠi.eadĠNat.induction_caseĊ  | succ a ih => simp [Nat.succ_add, ih]
---
[verify] success=False th=sample_1 gen_len=522
theorem add_comm (a b : ℕ) : a + b = b + a := by
  induction a with
ĊĠĠnorm_numĊ  | succ a ih => simp [Nat.succ_add, ih]
---
[verify] success=False th=sample_1 gen_len=560
theorem add_comm (a b : ℕ) : a + b = b + a := by
  induction a with
ĊĠĠĠĠ|ĠiĠ:Ġ{ĠbĠ:ĠâĦķĠ|ĠNat.succ_addĠ(ihĠb)Ġ(succĠaĠi)}ĊĠĠĠĠĠĠ--ĠBaseĠcaseĊĠĠĠĠĠĠhaveĠ:Ġ0Ġ+ĠbĠ=ĠbĠ+ĊĠĠĠĠĠĠĠĠbyĠsimpĊĠĠĠĠĠĠ--ĠInductiveĠstepĊĠĠĠĠĠĠexactĠihĠ{ĠihĠ:=ĠthisĠ}Ċ  | succ a ih => simp [Nat.succ_add, ih]
---
[verify] success=False th=sample_1 gen_len=42
theorem add_comm (a b : ℕ) : a + b = b + a := by
ĊĠĠinductionĠ_;ĠgoalĊ  | zero => simp
  | succ a ih => simp [Nat.succ_add, ih]
---
[verify] success=False th=sample_1 gen_len=49
theorem add_comm (a b : ℕ) : a + b = b + a := by
  induction a with
ĊĠĠi.eadĠNat.induction_caseĊ  | succ a ih => simp [Nat.succ_add, ih]
---
[verify] success=False th=sample_1 gen_len=522
theorem add_comm (a b : ℕ) : a + b = b + a := by
  induction a with
ĊĠĠnorm_numĊ  | succ a ih => simp [Nat.succ_add, ih]
---
[verify] success=False th=sample_1 gen_len=560
theorem add_comm (a b : ℕ) : a + b = b + a := by
  induction a with
ĊĠĠĠĠ|ĠiĠ:Ġ{ĠbĠ:ĠâĦķĠ|ĠNat.succ_addĠ(ihĠb)Ġ(succĠaĠi)}ĊĠĠĠĠĠĠ--ĠBaseĠcaseĊĠĠĠĠĠĠhaveĠ:Ġ0Ġ+ĠbĠ=ĠbĠ+ĊĠĠĠĠĠĠĠĠbyĠsimpĊĠĠĠĠĠĠ--ĠInductiveĠstepĊĠĠĠĠĠĠexactĠihĠ{ĠihĠ:=ĠthisĠ}Ċ  | succ a ih => simp [Nat.succ_add, ih]
---
[verify] success=False th=sample_1 gen_len=3311
theorem add_comm (a b : ℕ) : a + b = b + a := by
  induction a with
ĊToĠproveĠ`add_comm`ĠinductionĠonĠ`a`,ĠweĠhandleĠtheĠbasisĠandĠsuccessorĠcases.Ċ-ĠForĠ**IZero**Ġ(aĠ=Ġ0),ĠbyĠreflexivityĠandĠ`Nat.zero_add`:ĊĠĠ```leanĊĠĠ-ĠsimpĠ[Nat.plus_zero,Ġih]ĊĠĠ-ĠrflĊĠĠ```Ċ-ĠForĠ**successorĠ(aĠ=ĠsuccĠa')**,ĠuseĠtheĠinductiveĠhypothesisĠ(`ih`)ĠplusĠtheĠLeibnizĠidentityĠ`Nat.plus_succ`:ĊĠĠ```leanĊĠĠsubstĠihĊĠĠsi...
---
[verify] success=False th=sample_1 gen_len=1169
theorem add_comm (a b : ℕ) : a + b = b + a := by
  induction a with
ĊĠĠcasesĠbĠwithĊĠĠĠĠ|ĠzeroĠ=>ĠsimpĠ[Nat.zero_add]ĊĠĠĠĠ|ĠsuccĠbĠih'Ġ=>ĠbyĠrflĠ[(Nat.succ_addĠbĠih')]Ċ  | succ a ih => simp [Nat.succ_add, ih]
---
[verify] success=False th=sample_1 gen_len=2756
theorem add_comm (a b : ℕ) : a + b = b + a := by
  induction a with
ĊTheĠtaskĠisĠtoĠsolveĠtheĠ`add_comm`ĠtheoremĠforĠ`Nat`,ĠwhereĠadditionĠisĠcommutativeĠbyĠinductionĠonĠ`a`.ĠHereâĢĻsĠtheĠreasoningĠstep-by-step:ĊĊ1.Ġ**BaseĠcaseĠ(aĠ=Ġ0):**ĊĠĠĠByĠdirectĠapplicationĠofĠ`Nat.zero_add`,ĠaddingĠ`b`ĠtoĠ`0`ĠsimplyĠgivesĠ`b`,ĠmatchingĠ`bĠ+Ġ0`ĠbyĠ`Nat.add_zero`.ĊĊ2.Ġ**InductiveĠstepĠ(aĠ=ĠsuccĠa,ĠusingĠtheĠh...
---
[verify] success=False th=sample_1 gen_len=3552
theorem add_comm (a b : ℕ) : a + b = b + a := by
  induction a with
ĊĠĠinductionĠbĠwithĊĠĠ|Ġzero_bhbĠ=>ĠrflĊĠĠ|Ġsucc_bĠihbĠ=>ĊĠĠĠĠhaveĠgoalĠ:=Ġ(succĠbĠ+ĠsuccĠa)Ġ=Ġ(succĠa)Ġ+Ġ(succĠb)ĊĠĠĠĠhaveĠ{byĠrwĠ[succ_add,ĠaĠ:=Ġ(Nat.recOnĠa)]Ġ;ĠapplyĠihĠ:ĠsuccĠaĠ+ĠsuccĠbĠ=ĠsuccĠbĠ+ĠsuccĠaĠ+Ġ1}ĊĠĠĠĠhaveĠ{byĠrwĠ[one_add_one]}Ġ;ĠrflĊĊĠĠ#simpĠgoalĊĠĠĠĠ#Ġ[succ_add,Ġih,Ġone_add_one]Ċ  | succ a ih => simp [Nat.succ_a...
---
[verify] success=False th=sample_1 gen_len=3607
theorem add_comm (a b : ℕ) : a + b = b + a := by
TheĠtaskĠisĠtoĠproveĠthatĠadditionĠofĠnaturalĠnumbersĠisĠcommutative,Ġi.e.,Ġ`aĠ+ĠbĠ=ĠbĠ+Ġa`.ĠTheĠgivenĠproofĠoutlineĠusesĠinductionĠonĠ`a`ĠwithĠtheĠinductionĠhypothesisĠ`ih`.ĊĊ###ĠAnalysisĠofĠtheĠGivenĠProofĠOutlineĊĊ1.Ġ**BaseĠCaseĠ(`|Ġzero`)**:ĊĠĠĠ-ĠTheĠbaseĠcaseĠisĠwhenĠ`aĠ=Ġ0`.ĠTheĠproofĠusesĠ`simp`,ĠwhichĠlikelyĠsimplifiesĠtheĠgoalĠ`0Ġ+ĠbĠ=ĠbĠ+Ġ...
---
[verify] success=False th=sample_1 gen_len=1924
theorem add_comm (a b : ℕ) : a + b = b + a := by
  induction a with
ĊĠĠrflĊ  | succ a ih => simp [Nat.succ_add, ih]
---
[verify] success=False th=sample_1 gen_len=1608
theorem add_comm (a b : ℕ) : a + b = b + a := by
  induction a with
ĊĠĠrflĊ  | succ a ih => simp [Nat.succ_add, ih]
---
[verify] success=False th=sample_1 gen_len=1724
theorem add_comm (a b : ℕ) : a + b = b + a := by
  induction a with
ĊĠĠ|Ġ0Ġ=>ĠrflĊ  | succ a ih => simp [Nat.succ_add, ih]
---
[verify] success=False th=sample_1 gen_len=1710
theorem add_comm (a b : ℕ) : a + b = b + a := by
  induction a with
ĊĠĠ|ĠzeroĠ=>ĠrflĊĠĠ|ĠsuccĠaĠihĠ=>ĠsimpĠ[Nat.succ_add,Ġih]Ċ  | succ a ih => simp [Nat.succ_add, ih]
---
[verify] success=False th=sample_1 gen_len=2367
theorem add_comm (a b : ℕ) : a + b = b + a := by
  induction a with
ĊĠĠ0Ġ=>ĠsimpĠ[Nat.zero_add]Ċ  | succ a ih => simp [Nat.succ_add, ih]
---
[verify] success=False th=sample_1 gen_len=3607
theorem add_comm (a b : ℕ) : a + b = b + a := by
The task is to prove that addition of natural numbers is commutative, i.e., `a + b = b + a`. The given proof outline uses induction on `a` with the induction hypothesis `ih`.

### Analysis of the Given Proof Outline

1. **Base Case (`| zero`)**:
   - The base case is when `a = 0`. The proof uses `simp`, which likely simplifies the goal `0 + b = b + ...
---
[verify] success=False th=sample_1 gen_len=1924
theorem add_comm (a b : ℕ) : a + b = b + a := by
  induction a with
rfl  | succ a ih => simp [Nat.succ_add, ih]
---
[verify] success=False th=sample_1 gen_len=1608
theorem add_comm (a b : ℕ) : a + b = b + a := by
  induction a with
rfl  | succ a ih => simp [Nat.succ_add, ih]
---
[verify] success=False th=sample_1 gen_len=1724
theorem add_comm (a b : ℕ) : a + b = b + a := by
  induction a with
| 0 => rfl  | succ a ih => simp [Nat.succ_add, ih]
---
[verify] success=False th=sample_1 gen_len=1710
theorem add_comm (a b : ℕ) : a + b = b + a := by
  induction a with
| zero => rfl
  | succ a ih => simp [Nat.succ_add, ih]  | succ a ih => simp [Nat.succ_add, ih]
---
[verify] success=False th=sample_1 gen_len=2367
theorem add_comm (a b : ℕ) : a + b = b + a := by
  induction a with
0 => simp [Nat.zero_add]  | succ a ih => simp [Nat.succ_add, ih]
---
[verify] success=False th=sample_1 gen_len=2548
theorem add_comm (a b : ℕ) : a + b = b + a := by
  induction a with
| zero => rfl  | succ a ih => simp [Nat.succ_add, ih]
---
[verify] success=False th=sample_1 gen_len=3340
theorem add_comm (a b : ℕ) : a + b = b + a := by
  induction a with
The task is to prove that addition is commutative for natural numbers, i.e., `a + b = b + a` for any `a, b : â&7`. The proof is structured with an induction on `a`, and the missing block is the base case where `a = 0`.

Let me think about how addition works for natural numbers. Addition is defined recursively, and commutativity is...
---
[verify] success=False th=sample_1 gen_len=3607
theorem add_comm (a b : ℕ) : a + b = b + a := by
TheĠtaskĠisĠtoĠproveĠthatĠadditionĠofĠnaturalĠnumbersĠisĠcommutative,Ġi.e.,Ġ`aĠ+ĠbĠ=ĠbĠ+Ġa`.ĠTheĠgivenĠproofĠoutlineĠusesĠinductionĠonĠ`a`ĠwithĠtheĠinductionĠhypothesisĠ`ih`.ĊĊ###ĠAnalysisĠofĠtheĠGivenĠProofĠOutlineĊĊ1.Ġ**BaseĠCaseĠ(`|Ġzero`)**:ĊĠĠĠ-ĠTheĠbaseĠcaseĠisĠwhenĠ`aĠ=Ġ0`.ĠTheĠproofĠusesĠ`simp`,ĠwhichĠlikelyĠsimplifiesĠtheĠgoalĠ`0Ġ+ĠbĠ=ĠbĠ+Ġ...
---
[verify] success=False th=sample_1 gen_len=1924
theorem add_comm (a b : ℕ) : a + b = b + a := by
  induction a with
ĊĠĠrflĊ  | succ a ih => simp [Nat.succ_add, ih]
---
[verify] success=False th=sample_1 gen_len=1608
theorem add_comm (a b : ℕ) : a + b = b + a := by
  induction a with
ĊĠĠrflĊ  | succ a ih => simp [Nat.succ_add, ih]
---
[verify] success=False th=sample_1 gen_len=1724
theorem add_comm (a b : ℕ) : a + b = b + a := by
  induction a with
ĊĠĠ|Ġ0Ġ=>ĠrflĊ  | succ a ih => simp [Nat.succ_add, ih]
---
[verify] success=False th=sample_1 gen_len=1710
theorem add_comm (a b : ℕ) : a + b = b + a := by
  induction a with
ĊĠĠ|ĠzeroĠ=>ĠrflĊĠĠ|ĠsuccĠaĠihĠ=>ĠsimpĠ[Nat.succ_add,Ġih]Ċ  | succ a ih => simp [Nat.succ_add, ih]
---
[verify] success=False th=sample_1 gen_len=2367
theorem add_comm (a b : ℕ) : a + b = b + a := by
  induction a with
ĊĠĠ0Ġ=>ĠsimpĠ[Nat.zero_add]Ċ  | succ a ih => simp [Nat.succ_add, ih]
---
[verify] success=False th=sample_1 gen_len=2548
theorem add_comm (a b : ℕ) : a + b = b + a := by
  induction a with
ĊĠĠ|ĠzeroĠ=>ĠrflĊ  | succ a ih => simp [Nat.succ_add, ih]
---
[verify] success=False th=sample_1 gen_len=3340
theorem add_comm (a b : ℕ) : a + b = b + a := by
  induction a with
TheĠtaskĠisĠtoĠproveĠthatĠadditionĠisĠcommutativeĠforĠnaturalĠnumbers,Ġi.e.,Ġ`aĠ+ĠbĠ=ĠbĠ+Ġa`ĠforĠanyĠ`a,ĠbĠ:ĠâĦķ`.ĠTheĠproofĠisĠstructuredĠwithĠanĠinductionĠonĠ`a`,ĠandĠtheĠmissingĠblockĠisĠtheĠbaseĠcaseĠwhereĠ`aĠ=Ġ0`.ĊĊLetĠmeĠthinkĠaboutĠhowĠadditionĠworksĠforĠnaturalĠnumbers.ĠAdditionĠisĠdefinedĠrecursively,ĠandĠcommutativityĠis...
---
[verify] success=False th=sample_1 gen_len=3607
theorem add_comm (a b : ℕ) : a + b = b + a := by
TheĠtaskĠisĠtoĠproveĠthatĠadditionĠofĠnaturalĠnumbersĠisĠcommutative,Ġi.e.,Ġ`aĠ+ĠbĠ=ĠbĠ+Ġa`.ĠTheĠgivenĠproofĠoutlineĠusesĠinductionĠonĠ`a`ĠwithĠtheĠinductionĠhypothesisĠ`ih`.ĊĊ###ĠAnalysisĠofĠtheĠGivenĠProofĠOutlineĊĊ1.Ġ**BaseĠCaseĠ(`|Ġzero`)**:ĊĠĠĠ-ĠTheĠbaseĠcaseĠisĠwhenĠ`aĠ=Ġ0`.ĠTheĠproofĠusesĠ`simp`,ĠwhichĠlikelyĠsimplifiesĠtheĠgoalĠ`0Ġ+ĠbĠ=ĠbĠ+Ġ...
---
[verify] success=False th=sample_1 gen_len=1924
theorem add_comm (a b : ℕ) : a + b = b + a := by
  induction a with
ĊĠĠrflĊ  | succ a ih => simp [Nat.succ_add, ih]
---
[verify] success=False th=sample_1 gen_len=3607
theorem add_comm (a b : ℕ) : a + b = b + a := by
TheĠtaskĠisĠtoĠproveĠthatĠadditionĠofĠnaturalĠnumbersĠisĠcommutative,Ġi.e.,Ġ`aĠ+ĠbĠ=ĠbĠ+Ġa`.ĠTheĠgivenĠproofĠoutlineĠusesĠinductionĠonĠ`a`ĠwithĠtheĠinductionĠhypothesisĠ`ih`.ĊĊ###ĠAnalysisĠofĠtheĠGivenĠProofĠOutlineĊĊ1.Ġ**BaseĠCaseĠ(`|Ġzero`)**:ĊĠĠĠ-ĠTheĠbaseĠcaseĠisĠwhenĠ`aĠ=Ġ0`.ĠTheĠproofĠusesĠ`simp`,ĠwhichĠlikelyĠsimplifiesĠtheĠgoalĠ`0Ġ+ĠbĠ=ĠbĠ+Ġ...
---
[verify] success=False th=sample_1 gen_len=1924
theorem add_comm (a b : ℕ) : a + b = b + a := by
  induction a with
ĊĠĠrflĊ  | succ a ih => simp [Nat.succ_add, ih]
---
[verify] success=False th=sample_1 gen_len=1608
theorem add_comm (a b : ℕ) : a + b = b + a := by
  induction a with
ĊĠĠrflĊ  | succ a ih => simp [Nat.succ_add, ih]
---
[verify] success=False th=sample_1 gen_len=1724
theorem add_comm (a b : ℕ) : a + b = b + a := by
  induction a with
ĊĠĠ|Ġ0Ġ=>ĠrflĊ  | succ a ih => simp [Nat.succ_add, ih]
---
[verify] success=False th=sample_1 gen_len=1710
theorem add_comm (a b : ℕ) : a + b = b + a := by
  induction a with
ĊĠĠ|ĠzeroĠ=>ĠrflĊĠĠ|ĠsuccĠaĠihĠ=>ĠsimpĠ[Nat.succ_add,Ġih]Ċ  | succ a ih => simp [Nat.succ_add, ih]
---
[verify] success=False th=sample_1 gen_len=2367
theorem add_comm (a b : ℕ) : a + b = b + a := by
  induction a with
ĊĠĠ0Ġ=>ĠsimpĠ[Nat.zero_add]Ċ  | succ a ih => simp [Nat.succ_add, ih]
---
[verify] success=False th=sample_1 gen_len=3607
theorem add_comm (a b : ℕ) : a + b = b + a := by
TheĠtaskĠisĠtoĠproveĠthatĠadditionĠofĠnaturalĠnumbersĠisĠcommutative,Ġi.e.,Ġ`aĠ+ĠbĠ=ĠbĠ+Ġa`.ĠTheĠgivenĠproofĠoutlineĠusesĠinductionĠonĠ`a`ĠwithĠtheĠinductionĠhypothesisĠ`ih`.ĊĊ###ĠAnalysisĠofĠtheĠGivenĠProofĠOutlineĊĊ1.Ġ**BaseĠCaseĠ(`|Ġzero`)**:ĊĠĠĠ-ĠTheĠbaseĠcaseĠisĠwhenĠ`aĠ=Ġ0`.ĠTheĠproofĠusesĠ`simp`,ĠwhichĠlikelyĠsimplifiesĠtheĠgoalĠ`0Ġ+ĠbĠ=ĠbĠ+Ġ...
---
[verify] success=False th=sample_1 gen_len=1924
theorem add_comm (a b : ℕ) : a + b = b + a := by
  induction a with
ĊĠĠrflĊ  | succ a ih => simp [Nat.succ_add, ih]
---
[verify] success=False th=sample_1 gen_len=1608
theorem add_comm (a b : ℕ) : a + b = b + a := by
  induction a with
ĊĠĠrflĊ  | succ a ih => simp [Nat.succ_add, ih]
---
[verify] success=False th=sample_1 gen_len=1724
theorem add_comm (a b : ℕ) : a + b = b + a := by
  induction a with
ĊĠĠ|Ġ0Ġ=>ĠrflĊ  | succ a ih => simp [Nat.succ_add, ih]
---
[verify] success=False th=sample_1 gen_len=1710
theorem add_comm (a b : ℕ) : a + b = b + a := by
  induction a with
ĊĠĠ|ĠzeroĠ=>ĠrflĊĠĠ|ĠsuccĠaĠihĠ=>ĠsimpĠ[Nat.succ_add,Ġih]Ċ  | succ a ih => simp [Nat.succ_add, ih]
---
[verify] success=False th=sample_1 gen_len=2367
theorem add_comm (a b : ℕ) : a + b = b + a := by
  induction a with
ĊĠĠ0Ġ=>ĠsimpĠ[Nat.zero_add]Ċ  | succ a ih => simp [Nat.succ_add, ih]
---
[verify] success=False th=sample_1 gen_len=2548
theorem add_comm (a b : ℕ) : a + b = b + a := by
  induction a with
ĊĠĠ|ĠzeroĠ=>ĠrflĊ  | succ a ih => simp [Nat.succ_add, ih]
---
[verify] success=False th=sample_1 gen_len=3340
theorem add_comm (a b : ℕ) : a + b = b + a := by
  induction a with
TheĠtaskĠisĠtoĠproveĠthatĠadditionĠisĠcommutativeĠforĠnaturalĠnumbers,Ġi.e.,Ġ`aĠ+ĠbĠ=ĠbĠ+Ġa`ĠforĠanyĠ`a,ĠbĠ:ĠâĦķ`.ĠTheĠproofĠisĠstructuredĠwithĠanĠinductionĠonĠ`a`,ĠandĠtheĠmissingĠblockĠisĠtheĠbaseĠcaseĠwhereĠ`aĠ=Ġ0`.ĊĊLetĠmeĠthinkĠaboutĠhowĠadditionĠworksĠforĠnaturalĠnumbers.ĠAdditionĠisĠdefinedĠrecursively,ĠandĠcommutativityĠis...
---
[verify] success=False th=sample_1 gen_len=3607
theorem add_comm (a b : ℕ) : a + b = b + a := by
The task is to prove that addition of natural numbers is commutative, i.e., `a + b = b + a`. The given proof outline uses induction on `a` with the induction hypothesis `ih`.

### Analysis of the Given Proof Outline

1. **Base Case (`| zero`)**:
   - The base case is when `a = 0`. The proof uses `simp`, which likely simplifies the goal `0 + b = b + ...
---
[verify] success=False th=sample_1 gen_len=1924
theorem add_comm (a b : ℕ) : a + b = b + a := by
  induction a with
rfl  | succ a ih => simp [Nat.succ_add, ih]
---
[verify] success=False th=sample_1 gen_len=1608
theorem add_comm (a b : ℕ) : a + b = b + a := by
  induction a with
rfl  | succ a ih => simp [Nat.succ_add, ih]
---
[verify] success=False th=sample_1 gen_len=1724
theorem add_comm (a b : ℕ) : a + b = b + a := by
  induction a with
| 0 => rfl  | succ a ih => simp [Nat.succ_add, ih]
---
[verify] success=False th=b1253ff4-12a0-5ba2-81c4-204de38fa3fe gen_len=2802
import Mathlib

/- 23. $x^{2}+2 x \sin x y+1=0$.

Translate the text above into English, keeping the original text's line breaks and format, and output the translation result directly.

23. $x^{2}+2 x \sin x y+1=0$. -/
theorem algebra_189293 :
    {(x, y) : ℝ × ℝ | x^2 + 2 * x * Real.sin (x * y) + 1 = 0} =
    {(1, -Real.pi / 2 + 2 * Real.pi * k) | k : ℤ} ∪ {(-1, -Real.pi / 2 + 2 * Real.pi * k) | ...
---
[verify] success=False th=b1253ff4-12a0-5ba2-81c4-204de38fa3fe gen_len=2079
import Mathlib

/- 23. $x^{2}+2 x \sin x y+1=0$.

Translate the text above into English, keeping the original text's line breaks and format, and output the translation result directly.

23. $x^{2}+2 x \sin x y+1=0$. -/
theorem algebra_189293 :
    {(x, y) : ℝ × ℝ | x^2 + 2 * x * Real.sin (x * y) + 1 = 0} =
    {(1, -Real.pi / 2 + 2 * Real.pi * k) | k : ℤ} ∪ {(-1, -Real.pi / 2 + 2 * Real.pi * k) | ...
---
